
Allocating common symbols
Common symbol       size              file

__stm32_tick        0x4               obj/exceptions.o

Memory Configuration

Name             Origin             Length             Attributes
RAM              0x0000000020000000 0x0000000000030000 xrw
FLASH            0x0000000008000000 0x0000000000100000 xr
*default*        0x0000000000000000 0xffffffffffffffff

Linker script and memory map

LOAD obj/low_level_init.o
LOAD obj/exceptions.o
LOAD obj/main.o
LOAD obj/stack_painting.o
LOAD obj/startup.o
                0x0000000020020000                _estack = 0x20020000

.text           0x0000000008000000      0x4d6
 *(.isr_vector)
 .isr_vector    0x0000000008000000      0x188 obj/startup.o
                0x0000000008000000                g_pfnVectors
 *(.text)
 .text          0x0000000008000188      0x154 obj/low_level_init.o
                0x0000000008000188                low_level_init
 .text          0x00000000080002dc       0x7c obj/exceptions.o
                0x00000000080002dc                NMI_Handler
                0x00000000080002ec                HardFault_Handler
                0x00000000080002f4                MemManage_Handler
                0x00000000080002fc                BusFault_Handler
                0x0000000008000304                UsageFault_Handler
                0x000000000800030c                SVC_Handler
                0x000000000800031c                DebugMon_Handler
                0x000000000800032c                PendSV_Handler
                0x000000000800033c                SysTick_Handler
 .text          0x0000000008000358       0xd0 obj/main.o
                0x0000000008000358                main
 .text          0x0000000008000428       0x40 obj/stack_painting.o
                0x0000000008000428                stack_painting
 .text          0x0000000008000468       0x14 obj/startup.o
 *(.text*)
 .text.Reset_Handler
                0x000000000800047c       0x58 obj/startup.o
                0x000000000800047c                Reset_Handler
 .text.Default_Handler
                0x00000000080004d4        0x2 obj/startup.o
                0x00000000080004d4                RTC_Alarm_IRQHandler
                0x00000000080004d4                HASH_RNG_IRQHandler
                0x00000000080004d4                EXTI2_IRQHandler
                0x00000000080004d4                TIM8_CC_IRQHandler
                0x00000000080004d4                TIM1_CC_IRQHandler
                0x00000000080004d4                DMA2_Stream5_IRQHandler
                0x00000000080004d4                DMA1_Stream5_IRQHandler
                0x00000000080004d4                PVD_IRQHandler
                0x00000000080004d4                SDIO_IRQHandler
                0x00000000080004d4                TAMP_STAMP_IRQHandler
                0x00000000080004d4                CAN2_RX1_IRQHandler
                0x00000000080004d4                EXTI3_IRQHandler
                0x00000000080004d4                TIM8_TRG_COM_TIM14_IRQHandler
                0x00000000080004d4                TIM1_UP_TIM10_IRQHandler
                0x00000000080004d4                TIM8_UP_TIM13_IRQHandler
                0x00000000080004d4                I2C3_ER_IRQHandler
                0x00000000080004d4                EXTI0_IRQHandler
                0x00000000080004d4                I2C2_EV_IRQHandler
                0x00000000080004d4                DMA1_Stream2_IRQHandler
                0x00000000080004d4                CAN1_RX0_IRQHandler
                0x00000000080004d4                FPU_IRQHandler
                0x00000000080004d4                OTG_HS_WKUP_IRQHandler
                0x00000000080004d4                CAN2_SCE_IRQHandler
                0x00000000080004d4                DMA2_Stream2_IRQHandler
                0x00000000080004d4                SPI1_IRQHandler
                0x00000000080004d4                TIM6_DAC_IRQHandler
                0x00000000080004d4                TIM1_BRK_TIM9_IRQHandler
                0x00000000080004d4                DCMI_IRQHandler
                0x00000000080004d4                CAN2_RX0_IRQHandler
                0x00000000080004d4                DMA2_Stream3_IRQHandler
                0x00000000080004d4                USART6_IRQHandler
                0x00000000080004d4                USART3_IRQHandler
                0x00000000080004d4                CRYP_IRQHandler
                0x00000000080004d4                CAN1_RX1_IRQHandler
                0x00000000080004d4                UART5_IRQHandler
                0x00000000080004d4                DMA2_Stream0_IRQHandler
                0x00000000080004d4                TIM4_IRQHandler
                0x00000000080004d4                I2C1_EV_IRQHandler
                0x00000000080004d4                DMA1_Stream6_IRQHandler
                0x00000000080004d4                DMA1_Stream1_IRQHandler
                0x00000000080004d4                UART4_IRQHandler
                0x00000000080004d4                TIM3_IRQHandler
                0x00000000080004d4                RCC_IRQHandler
                0x00000000080004d4                TIM8_BRK_TIM12_IRQHandler
                0x00000000080004d4                Default_Handler
                0x00000000080004d4                EXTI15_10_IRQHandler
                0x00000000080004d4                ADC_IRQHandler
                0x00000000080004d4                DMA1_Stream7_IRQHandler
                0x00000000080004d4                TIM7_IRQHandler
                0x00000000080004d4                CAN2_TX_IRQHandler
                0x00000000080004d4                TIM5_IRQHandler
                0x00000000080004d4                DMA2_Stream7_IRQHandler
                0x00000000080004d4                I2C3_EV_IRQHandler
                0x00000000080004d4                EXTI9_5_IRQHandler
                0x00000000080004d4                RTC_WKUP_IRQHandler
                0x00000000080004d4                ETH_WKUP_IRQHandler
                0x00000000080004d4                SPI2_IRQHandler
                0x00000000080004d4                OTG_HS_EP1_IN_IRQHandler
                0x00000000080004d4                DMA1_Stream0_IRQHandler
                0x00000000080004d4                CAN1_TX_IRQHandler
                0x00000000080004d4                EXTI4_IRQHandler
                0x00000000080004d4                FSMC_IRQHandler
                0x00000000080004d4                ETH_IRQHandler
                0x00000000080004d4                OTG_HS_EP1_OUT_IRQHandler
                0x00000000080004d4                WWDG_IRQHandler
                0x00000000080004d4                TIM2_IRQHandler
                0x00000000080004d4                OTG_FS_WKUP_IRQHandler
                0x00000000080004d4                TIM1_TRG_COM_TIM11_IRQHandler
                0x00000000080004d4                OTG_HS_IRQHandler
                0x00000000080004d4                EXTI1_IRQHandler
                0x00000000080004d4                USART2_IRQHandler
                0x00000000080004d4                I2C2_ER_IRQHandler
                0x00000000080004d4                DMA2_Stream1_IRQHandler
                0x00000000080004d4                CAN1_SCE_IRQHandler
                0x00000000080004d4                FLASH_IRQHandler
                0x00000000080004d4                DMA2_Stream4_IRQHandler
                0x00000000080004d4                USART1_IRQHandler
                0x00000000080004d4                OTG_FS_IRQHandler
                0x00000000080004d4                SPI3_IRQHandler
                0x00000000080004d4                DMA1_Stream4_IRQHandler
                0x00000000080004d4                I2C1_ER_IRQHandler
                0x00000000080004d4                DMA2_Stream6_IRQHandler
                0x00000000080004d4                DMA1_Stream3_IRQHandler
 *(.rodata)
 *(.rodata*)
                0x00000000080004d6                _sidata = LOADADDR (.data)

.glue_7         0x00000000080004d8        0x0
 .glue_7        0x00000000080004d8        0x0 linker stubs

.glue_7t        0x00000000080004d8        0x0
 .glue_7t       0x00000000080004d8        0x0 linker stubs

.vfp11_veneer   0x00000000080004d8        0x0
 .vfp11_veneer  0x00000000080004d8        0x0 linker stubs

.v4_bx          0x00000000080004d8        0x0
 .v4_bx         0x00000000080004d8        0x0 linker stubs

.iplt           0x00000000080004d8        0x0
 .iplt          0x00000000080004d8        0x0 obj/low_level_init.o

.rel.dyn        0x00000000080004d8        0x0
 .rel.iplt      0x00000000080004d8        0x0 obj/low_level_init.o

.data           0x0000000020000000       0x14 load address 0x00000000080004d6
                0x0000000020000000                . = ALIGN (0x4)
                0x0000000020000000                _sdata = .
 *(.data)
 .data          0x0000000020000000       0x14 obj/low_level_init.o
                0x0000000020000000                SystemCoreClock
                0x0000000020000004                AHBPrescTable
 .data          0x0000000020000014        0x0 obj/exceptions.o
 .data          0x0000000020000014        0x0 obj/main.o
 .data          0x0000000020000014        0x0 obj/stack_painting.o
 .data          0x0000000020000014        0x0 obj/startup.o
 *(.data*)
                0x0000000020000014                . = ALIGN (0x4)
                0x0000000020000014                _edata = .

.igot.plt       0x0000000020000014        0x0 load address 0x00000000080004ea
 .igot.plt      0x0000000020000014        0x0 obj/low_level_init.o

.bss            0x0000000020000014        0x8 load address 0x00000000080004ea
                0x0000000020000014                . = ALIGN (0x4)
                0x0000000020000014                _sbss = .
                0x0000000020000014                __bss_start__ = _sbss
 *(.bss)
 .bss           0x0000000020000014        0x0 obj/low_level_init.o
 .bss           0x0000000020000014        0x0 obj/exceptions.o
 .bss           0x0000000020000014        0x4 obj/main.o
 .bss           0x0000000020000018        0x0 obj/stack_painting.o
 .bss           0x0000000020000018        0x0 obj/startup.o
 *(.bss*)
 *(COMMON)
 COMMON         0x0000000020000018        0x4 obj/exceptions.o
                0x0000000020000018                __stm32_tick
                0x000000002000001c                . = ALIGN (0x4)
                0x000000002000001c                _ebss = .
                0x000000002000001c                __bss_end__ = _ebss
                0x000000002000001c                _end = .
                [!provide]                        PROVIDE (end, .)
OUTPUT(out/main.elf elf32-littlearm)

.debug_info     0x0000000000000000      0xb90
 .debug_info    0x0000000000000000      0x509 obj/low_level_init.o
 .debug_info    0x0000000000000509      0x144 obj/exceptions.o
 .debug_info    0x000000000000064d      0x3c4 obj/main.o
 .debug_info    0x0000000000000a11      0x111 obj/stack_painting.o
 .debug_info    0x0000000000000b22       0x6e obj/startup.o

.debug_abbrev   0x0000000000000000      0x3a6
 .debug_abbrev  0x0000000000000000      0x111 obj/low_level_init.o
 .debug_abbrev  0x0000000000000111       0x78 obj/exceptions.o
 .debug_abbrev  0x0000000000000189      0x149 obj/main.o
 .debug_abbrev  0x00000000000002d2       0xc2 obj/stack_painting.o
 .debug_abbrev  0x0000000000000394       0x12 obj/startup.o

.debug_aranges  0x0000000000000000       0xa8
 .debug_aranges
                0x0000000000000000       0x20 obj/low_level_init.o
 .debug_aranges
                0x0000000000000020       0x20 obj/exceptions.o
 .debug_aranges
                0x0000000000000040       0x20 obj/main.o
 .debug_aranges
                0x0000000000000060       0x20 obj/stack_painting.o
 .debug_aranges
                0x0000000000000080       0x28 obj/startup.o

.debug_line     0x0000000000000000      0x39a
 .debug_line    0x0000000000000000       0xe2 obj/low_level_init.o
 .debug_line    0x00000000000000e2       0xbd obj/exceptions.o
 .debug_line    0x000000000000019f       0xd7 obj/main.o
 .debug_line    0x0000000000000276       0xb2 obj/stack_painting.o
 .debug_line    0x0000000000000328       0x72 obj/startup.o

.debug_str      0x0000000000000000      0x553
 .debug_str     0x0000000000000000      0x31e obj/low_level_init.o
                                        0x364 (size before relaxing)
 .debug_str     0x000000000000031e       0xae obj/exceptions.o
                                        0x217 (size before relaxing)
 .debug_str     0x00000000000003cc      0x156 obj/main.o
                                        0x306 (size before relaxing)
 .debug_str     0x0000000000000522       0x31 obj/stack_painting.o
                                        0x1c0 (size before relaxing)

.comment        0x0000000000000000       0x55
 .comment       0x0000000000000000       0x1d obj/low_level_init.o
                                         0x1e (size before relaxing)
 .comment       0x000000000000001d       0x1e obj/exceptions.o
 .comment       0x000000000000001d       0x38 obj/main.o
                                         0x39 (size before relaxing)
 .comment       0x0000000000000055       0x39 obj/stack_painting.o

.ARM.attributes
                0x0000000000000000       0x37
 .ARM.attributes
                0x0000000000000000       0x39 obj/low_level_init.o
 .ARM.attributes
                0x0000000000000039       0x39 obj/exceptions.o
 .ARM.attributes
                0x0000000000000072       0x39 obj/main.o
 .ARM.attributes
                0x00000000000000ab       0x39 obj/stack_painting.o
 .ARM.attributes
                0x00000000000000e4       0x21 obj/startup.o

.debug_frame    0x0000000000000000      0x234
 .debug_frame   0x0000000000000000       0x54 obj/low_level_init.o
 .debug_frame   0x0000000000000054      0x110 obj/exceptions.o
 .debug_frame   0x0000000000000164       0x98 obj/main.o
 .debug_frame   0x00000000000001fc       0x38 obj/stack_painting.o

.debug_ranges   0x0000000000000000       0x20
 .debug_ranges  0x0000000000000000       0x20 obj/startup.o
