
Allocating common symbols
Common symbol       size              file

__stm32_tick        0x4               obj/exceptions.o

Memory Configuration

Name             Origin             Length             Attributes
RAM              0x0000000020000000 0x0000000000030000 xrw
FLASH            0x0000000008000000 0x0000000000100000 xr
*default*        0x0000000000000000 0xffffffffffffffff

Linker script and memory map

LOAD obj/low_level_init.o
LOAD obj/exceptions.o
LOAD obj/main.o
LOAD obj/startup.o
                0x0000000020020000                _estack = 0x20020000

.text           0x0000000008000000      0x508
 *(.isr_vector)
 .isr_vector    0x0000000008000000      0x188 obj/startup.o
                0x0000000008000000                g_pfnVectors
 *(.text)
 .text          0x0000000008000188      0x26c obj/low_level_init.o
                0x0000000008000188                low_level_init
 .text          0x00000000080003f4       0x74 obj/exceptions.o
                0x00000000080003f4                NMI_Handler
                0x0000000008000400                HardFault_Handler
                0x0000000008000408                MemManage_Handler
                0x0000000008000410                BusFault_Handler
                0x0000000008000418                UsageFault_Handler
                0x0000000008000420                SVC_Handler
                0x000000000800042c                DebugMon_Handler
                0x0000000008000438                PendSV_Handler
                0x0000000008000444                SysTick_Handler
 .text          0x0000000008000468       0x1c obj/main.o
                0x0000000008000468                main
 .text          0x0000000008000484       0x14 obj/startup.o
 *(.text*)
 .text.Reset_Handler
                0x0000000008000498       0x5c obj/startup.o
                0x0000000008000498                Reset_Handler
 .text.Default_Handler
                0x00000000080004f4        0x4 obj/startup.o
                0x00000000080004f4                RTC_Alarm_IRQHandler
                0x00000000080004f4                HASH_RNG_IRQHandler
                0x00000000080004f4                EXTI2_IRQHandler
                0x00000000080004f4                TIM8_CC_IRQHandler
                0x00000000080004f4                TIM1_CC_IRQHandler
                0x00000000080004f4                DMA2_Stream5_IRQHandler
                0x00000000080004f4                DMA1_Stream5_IRQHandler
                0x00000000080004f4                PVD_IRQHandler
                0x00000000080004f4                SDIO_IRQHandler
                0x00000000080004f4                TAMP_STAMP_IRQHandler
                0x00000000080004f4                CAN2_RX1_IRQHandler
                0x00000000080004f4                EXTI3_IRQHandler
                0x00000000080004f4                TIM8_TRG_COM_TIM14_IRQHandler
                0x00000000080004f4                TIM1_UP_TIM10_IRQHandler
                0x00000000080004f4                TIM8_UP_TIM13_IRQHandler
                0x00000000080004f4                I2C3_ER_IRQHandler
                0x00000000080004f4                EXTI0_IRQHandler
                0x00000000080004f4                I2C2_EV_IRQHandler
                0x00000000080004f4                DMA1_Stream2_IRQHandler
                0x00000000080004f4                CAN1_RX0_IRQHandler
                0x00000000080004f4                FPU_IRQHandler
                0x00000000080004f4                OTG_HS_WKUP_IRQHandler
                0x00000000080004f4                CAN2_SCE_IRQHandler
                0x00000000080004f4                DMA2_Stream2_IRQHandler
                0x00000000080004f4                SPI1_IRQHandler
                0x00000000080004f4                TIM6_DAC_IRQHandler
                0x00000000080004f4                TIM1_BRK_TIM9_IRQHandler
                0x00000000080004f4                DCMI_IRQHandler
                0x00000000080004f4                CAN2_RX0_IRQHandler
                0x00000000080004f4                DMA2_Stream3_IRQHandler
                0x00000000080004f4                USART6_IRQHandler
                0x00000000080004f4                USART3_IRQHandler
                0x00000000080004f4                CRYP_IRQHandler
                0x00000000080004f4                CAN1_RX1_IRQHandler
                0x00000000080004f4                UART5_IRQHandler
                0x00000000080004f4                DMA2_Stream0_IRQHandler
                0x00000000080004f4                TIM4_IRQHandler
                0x00000000080004f4                I2C1_EV_IRQHandler
                0x00000000080004f4                DMA1_Stream6_IRQHandler
                0x00000000080004f4                DMA1_Stream1_IRQHandler
                0x00000000080004f4                UART4_IRQHandler
                0x00000000080004f4                TIM3_IRQHandler
                0x00000000080004f4                RCC_IRQHandler
                0x00000000080004f4                TIM8_BRK_TIM12_IRQHandler
                0x00000000080004f4                Default_Handler
                0x00000000080004f4                EXTI15_10_IRQHandler
                0x00000000080004f4                ADC_IRQHandler
                0x00000000080004f4                DMA1_Stream7_IRQHandler
                0x00000000080004f4                TIM7_IRQHandler
                0x00000000080004f4                CAN2_TX_IRQHandler
                0x00000000080004f4                TIM5_IRQHandler
                0x00000000080004f4                DMA2_Stream7_IRQHandler
                0x00000000080004f4                I2C3_EV_IRQHandler
                0x00000000080004f4                EXTI9_5_IRQHandler
                0x00000000080004f4                RTC_WKUP_IRQHandler
                0x00000000080004f4                ETH_WKUP_IRQHandler
                0x00000000080004f4                SPI2_IRQHandler
                0x00000000080004f4                OTG_HS_EP1_IN_IRQHandler
                0x00000000080004f4                DMA1_Stream0_IRQHandler
                0x00000000080004f4                CAN1_TX_IRQHandler
                0x00000000080004f4                EXTI4_IRQHandler
                0x00000000080004f4                FSMC_IRQHandler
                0x00000000080004f4                ETH_IRQHandler
                0x00000000080004f4                OTG_HS_EP1_OUT_IRQHandler
                0x00000000080004f4                WWDG_IRQHandler
                0x00000000080004f4                TIM2_IRQHandler
                0x00000000080004f4                OTG_FS_WKUP_IRQHandler
                0x00000000080004f4                TIM1_TRG_COM_TIM11_IRQHandler
                0x00000000080004f4                OTG_HS_IRQHandler
                0x00000000080004f4                EXTI1_IRQHandler
                0x00000000080004f4                USART2_IRQHandler
                0x00000000080004f4                I2C2_ER_IRQHandler
                0x00000000080004f4                DMA2_Stream1_IRQHandler
                0x00000000080004f4                CAN1_SCE_IRQHandler
                0x00000000080004f4                FLASH_IRQHandler
                0x00000000080004f4                DMA2_Stream4_IRQHandler
                0x00000000080004f4                USART1_IRQHandler
                0x00000000080004f4                OTG_FS_IRQHandler
                0x00000000080004f4                SPI3_IRQHandler
                0x00000000080004f4                DMA1_Stream4_IRQHandler
                0x00000000080004f4                I2C1_ER_IRQHandler
                0x00000000080004f4                DMA2_Stream6_IRQHandler
                0x00000000080004f4                DMA1_Stream3_IRQHandler
 .text.Default_Handler.__stub
                0x00000000080004f8       0x10 linker stubs
 *(.rodata)
 *(.rodata*)
                0x0000000008000508                _sidata = LOADADDR (.data)

.glue_7         0x0000000008000508        0x0
 .glue_7        0x0000000008000508        0x0 linker stubs

.glue_7t        0x0000000008000508        0x0
 .glue_7t       0x0000000008000508        0x0 linker stubs

.vfp11_veneer   0x0000000008000508        0x0
 .vfp11_veneer  0x0000000008000508        0x0 linker stubs

.v4_bx          0x0000000008000508        0x0
 .v4_bx         0x0000000008000508        0x0 linker stubs

.iplt           0x0000000008000508        0x0
 .iplt          0x0000000008000508        0x0 obj/low_level_init.o

.data           0x0000000020000000       0x14 load address 0x0000000008000508
                0x0000000020000000                . = ALIGN (0x4)
                0x0000000020000000                _sdata = .
 *(.data)
 .data          0x0000000020000000       0x14 obj/low_level_init.o
                0x0000000020000000                SystemCoreClock
                0x0000000020000004                AHBPrescTable
 .data          0x0000000020000014        0x0 obj/exceptions.o
 .data          0x0000000020000014        0x0 obj/main.o
 .data          0x0000000020000014        0x0 obj/startup.o
 *(.data*)
                0x0000000020000014                . = ALIGN (0x4)
                0x0000000020000014                _edata = .

.igot.plt       0x0000000020000014        0x0 load address 0x000000000800051c
 .igot.plt      0x0000000020000014        0x0 obj/low_level_init.o

.bss            0x0000000020000014        0x4 load address 0x000000000800051c
                0x0000000020000014                . = ALIGN (0x4)
                0x0000000020000014                _sbss = .
                0x0000000020000014                __bss_start__ = _sbss
 *(.bss)
 .bss           0x0000000020000014        0x0 obj/low_level_init.o
 .bss           0x0000000020000014        0x0 obj/exceptions.o
 .bss           0x0000000020000014        0x0 obj/main.o
 .bss           0x0000000020000014        0x0 obj/startup.o
 *(.bss*)
 *(COMMON)
 COMMON         0x0000000020000014        0x4 obj/exceptions.o
                0x0000000020000014                __stm32_tick
                0x0000000020000018                . = ALIGN (0x4)
                0x0000000020000018                _ebss = .
                0x0000000020000018                __bss_end__ = _ebss
                0x0000000020000018                _end = .
                0x0000000020000018                PROVIDE (end, .)

.fastcode       0x0000000020000018       0x1c load address 0x000000000800051c
                0x0000000020000018                . = ALIGN (0x4)
                0x000000000800051c                __fastcode_load = LOADADDR (.fastcode)
                0x0000000020000018                __fastcode_start = .
 ramcode*(.text)
 ramcode*(.text.*)
 *(.fastcode)
 .fastcode      0x0000000020000018       0x1c obj/main.o
                0x0000000020000018                fast_increment
 *(.fastcode*)
                0x0000000020000034                . = ALIGN (0x4)
                0x0000000020000034                __fastcode_end = .
OUTPUT(out/main.elf elf32-littlearm)

.rel.dyn        0x0000000020000034        0x0 load address 0x0000000008000538
 .rel.iplt      0x0000000020000034        0x0 obj/low_level_init.o

.debug_info     0x0000000000000000      0x890
 .debug_info    0x0000000000000000      0x5ee obj/low_level_init.o
 .debug_info    0x00000000000005ee      0x174 obj/exceptions.o
 .debug_info    0x0000000000000762       0xcc obj/main.o
 .debug_info    0x000000000000082e       0x62 obj/startup.o

.debug_abbrev   0x0000000000000000      0x252
 .debug_abbrev  0x0000000000000000      0x129 obj/low_level_init.o
 .debug_abbrev  0x0000000000000129       0x78 obj/exceptions.o
 .debug_abbrev  0x00000000000001a1       0x9f obj/main.o
 .debug_abbrev  0x0000000000000240       0x12 obj/startup.o

.debug_loc      0x0000000000000000      0x228
 .debug_loc     0x0000000000000000       0x9c obj/low_level_init.o
 .debug_loc     0x000000000000009c      0x18c obj/exceptions.o

.debug_aranges  0x0000000000000000       0x90
 .debug_aranges
                0x0000000000000000       0x20 obj/low_level_init.o
 .debug_aranges
                0x0000000000000020       0x20 obj/exceptions.o
 .debug_aranges
                0x0000000000000040       0x28 obj/main.o
 .debug_aranges
                0x0000000000000068       0x28 obj/startup.o

.debug_line     0x0000000000000000      0x2b7
 .debug_line    0x0000000000000000       0xee obj/low_level_init.o
 .debug_line    0x00000000000000ee       0xc4 obj/exceptions.o
 .debug_line    0x00000000000001b2       0x94 obj/main.o
 .debug_line    0x0000000000000246       0x71 obj/startup.o

.debug_str      0x0000000000000000      0x4da
 .debug_str     0x0000000000000000      0x31e obj/low_level_init.o
                                        0x369 (size before relaxing)
 .debug_str     0x000000000000031e       0xae obj/exceptions.o
                                        0x1d2 (size before relaxing)
 .debug_str     0x00000000000003cc      0x10e obj/main.o
                                        0x19b (size before relaxing)

.comment        0x0000000000000000       0xa3
 .comment       0x0000000000000000       0x70 obj/low_level_init.o
                                         0x71 (size before relaxing)
 .comment       0x0000000000000070       0x71 obj/exceptions.o
 .comment       0x0000000000000070       0x33 obj/main.o
                                         0x34 (size before relaxing)

.ARM.attributes
                0x0000000000000000       0x39
 .ARM.attributes
                0x0000000000000000       0x3b obj/low_level_init.o
 .ARM.attributes
                0x000000000000003b       0x3b obj/exceptions.o
 .ARM.attributes
                0x0000000000000076       0x39 obj/main.o
 .ARM.attributes
                0x00000000000000af       0x21 obj/startup.o

.debug_frame    0x0000000000000000      0x1a4
 .debug_frame   0x0000000000000000       0x64 obj/low_level_init.o
 .debug_frame   0x0000000000000064       0xe8 obj/exceptions.o
 .debug_frame   0x000000000000014c       0x58 obj/main.o

.debug_ranges   0x0000000000000000       0x38
 .debug_ranges  0x0000000000000000       0x18 obj/main.o
 .debug_ranges  0x0000000000000018       0x20 obj/startup.o
