
main.elf:     file format elf32-littlearm


Disassembly of section .text:

08000000 <exception_vectors>:
 8000000:	00 08 00 20 11 00 00 08 25 00 00 08 2d 00 00 08     ... ....%...-...

08000010 <reset_handler>:

//static int a = 10;

/* Reset exception handler */
int reset_handler(void)
{
 8000010:	b480      	push	{r7}
 8000012:	b083      	sub	sp, #12
 8000014:	af00      	add	r7, sp, #0
    int i=0;
 8000016:	2300      	movs	r3, #0
 8000018:	607b      	str	r3, [r7, #4]

    for EVER
    {
        i++;
 800001a:	687b      	ldr	r3, [r7, #4]
 800001c:	3301      	adds	r3, #1
 800001e:	607b      	str	r3, [r7, #4]
    }
 8000020:	e7fb      	b.n	800001a <reset_handler+0xa>
 8000022:	bf00      	nop

08000024 <nmi_handler>:
}

/* Non-Maskable Interrupt handler */
void nmi_handler(void)
{
 8000024:	b480      	push	{r7}
 8000026:	af00      	add	r7, sp, #0
    for EVER;
 8000028:	e7fe      	b.n	8000028 <nmi_handler+0x4>
 800002a:	bf00      	nop

0800002c <hardfault_handler>:
}

/* HardFault handler */
void hardfault_handler(void)
{
 800002c:	b480      	push	{r7}
 800002e:	af00      	add	r7, sp, #0
    for EVER;
 8000030:	e7fe      	b.n	8000030 <hardfault_handler+0x4>
 8000032:	bf00      	nop
