
Memory Configuration

Name             Origin             Length             Attributes
RAM              0x0000000020000000 0x0000000000030000 xrw
FLASH            0x0000000008000000 0x0000000000100000 xr
*default*        0x0000000000000000 0xffffffffffffffff

Linker script and memory map

LOAD obj/main.o
LOAD obj/startup.o
                0x0000000020020000                _estack = 0x20020000

.text           0x0000000008000000      0x1b6
 *(.isr_vector)
 .isr_vector    0x0000000008000000      0x188 obj/startup.o
                0x0000000008000000                g_pfnVectors
 *(.text)
 .text          0x0000000008000188       0x18 obj/main.o
                0x0000000008000188                main
 .text          0x00000000080001a0       0x14 obj/startup.o
 *(.text*)
 .text.Default_Handler
                0x00000000080001b4        0x2 obj/startup.o
                0x00000000080001b4                RTC_Alarm_IRQHandler
                0x00000000080001b4                HASH_RNG_IRQHandler
                0x00000000080001b4                EXTI2_IRQHandler
                0x00000000080001b4                TIM8_CC_IRQHandler
                0x00000000080001b4                DebugMon_Handler
                0x00000000080001b4                TIM1_CC_IRQHandler
                0x00000000080001b4                DMA2_Stream5_IRQHandler
                0x00000000080001b4                HardFault_Handler
                0x00000000080001b4                DMA1_Stream5_IRQHandler
                0x00000000080001b4                SysTick_Handler
                0x00000000080001b4                PVD_IRQHandler
                0x00000000080001b4                SDIO_IRQHandler
                0x00000000080001b4                TAMP_STAMP_IRQHandler
                0x00000000080001b4                PendSV_Handler
                0x00000000080001b4                NMI_Handler
                0x00000000080001b4                CAN2_RX1_IRQHandler
                0x00000000080001b4                EXTI3_IRQHandler
                0x00000000080001b4                TIM8_TRG_COM_TIM14_IRQHandler
                0x00000000080001b4                TIM1_UP_TIM10_IRQHandler
                0x00000000080001b4                TIM8_UP_TIM13_IRQHandler
                0x00000000080001b4                I2C3_ER_IRQHandler
                0x00000000080001b4                EXTI0_IRQHandler
                0x00000000080001b4                I2C2_EV_IRQHandler
                0x00000000080001b4                DMA1_Stream2_IRQHandler
                0x00000000080001b4                CAN1_RX0_IRQHandler
                0x00000000080001b4                FPU_IRQHandler
                0x00000000080001b4                OTG_HS_WKUP_IRQHandler
                0x00000000080001b4                UsageFault_Handler
                0x00000000080001b4                CAN2_SCE_IRQHandler
                0x00000000080001b4                DMA2_Stream2_IRQHandler
                0x00000000080001b4                SPI1_IRQHandler
                0x00000000080001b4                TIM6_DAC_IRQHandler
                0x00000000080001b4                TIM1_BRK_TIM9_IRQHandler
                0x00000000080001b4                DCMI_IRQHandler
                0x00000000080001b4                CAN2_RX0_IRQHandler
                0x00000000080001b4                DMA2_Stream3_IRQHandler
                0x00000000080001b4                USART6_IRQHandler
                0x00000000080001b4                USART3_IRQHandler
                0x00000000080001b4                CRYP_IRQHandler
                0x00000000080001b4                CAN1_RX1_IRQHandler
                0x00000000080001b4                UART5_IRQHandler
                0x00000000080001b4                DMA2_Stream0_IRQHandler
                0x00000000080001b4                TIM4_IRQHandler
                0x00000000080001b4                I2C1_EV_IRQHandler
                0x00000000080001b4                DMA1_Stream6_IRQHandler
                0x00000000080001b4                DMA1_Stream1_IRQHandler
                0x00000000080001b4                UART4_IRQHandler
                0x00000000080001b4                TIM3_IRQHandler
                0x00000000080001b4                RCC_IRQHandler
                0x00000000080001b4                TIM8_BRK_TIM12_IRQHandler
                0x00000000080001b4                Default_Handler
                0x00000000080001b4                EXTI15_10_IRQHandler
                0x00000000080001b4                ADC_IRQHandler
                0x00000000080001b4                DMA1_Stream7_IRQHandler
                0x00000000080001b4                TIM7_IRQHandler
                0x00000000080001b4                CAN2_TX_IRQHandler
                0x00000000080001b4                TIM5_IRQHandler
                0x00000000080001b4                DMA2_Stream7_IRQHandler
                0x00000000080001b4                I2C3_EV_IRQHandler
                0x00000000080001b4                EXTI9_5_IRQHandler
                0x00000000080001b4                RTC_WKUP_IRQHandler
                0x00000000080001b4                ETH_WKUP_IRQHandler
                0x00000000080001b4                SPI2_IRQHandler
                0x00000000080001b4                OTG_HS_EP1_IN_IRQHandler
                0x00000000080001b4                MemManage_Handler
                0x00000000080001b4                DMA1_Stream0_IRQHandler
                0x00000000080001b4                CAN1_TX_IRQHandler
                0x00000000080001b4                SVC_Handler
                0x00000000080001b4                EXTI4_IRQHandler
                0x00000000080001b4                FSMC_IRQHandler
                0x00000000080001b4                ETH_IRQHandler
                0x00000000080001b4                OTG_HS_EP1_OUT_IRQHandler
                0x00000000080001b4                WWDG_IRQHandler
                0x00000000080001b4                TIM2_IRQHandler
                0x00000000080001b4                OTG_FS_WKUP_IRQHandler
                0x00000000080001b4                TIM1_TRG_COM_TIM11_IRQHandler
                0x00000000080001b4                OTG_HS_IRQHandler
                0x00000000080001b4                EXTI1_IRQHandler
                0x00000000080001b4                USART2_IRQHandler
                0x00000000080001b4                I2C2_ER_IRQHandler
                0x00000000080001b4                DMA2_Stream1_IRQHandler
                0x00000000080001b4                CAN1_SCE_IRQHandler
                0x00000000080001b4                FLASH_IRQHandler
                0x00000000080001b4                DMA2_Stream4_IRQHandler
                0x00000000080001b4                BusFault_Handler
                0x00000000080001b4                USART1_IRQHandler
                0x00000000080001b4                OTG_FS_IRQHandler
                0x00000000080001b4                SPI3_IRQHandler
                0x00000000080001b4                DMA1_Stream4_IRQHandler
                0x00000000080001b4                I2C1_ER_IRQHandler
                0x00000000080001b4                DMA2_Stream6_IRQHandler
                0x00000000080001b4                DMA1_Stream3_IRQHandler
 *(.rodata)
 *(.rodata*)
                0x00000000080001b6                _sidata = LOADADDR (.data)

.glue_7         0x00000000080001b8        0x0
 .glue_7        0x00000000080001b8        0x0 linker stubs

.glue_7t        0x00000000080001b8        0x0
 .glue_7t       0x00000000080001b8        0x0 linker stubs

.vfp11_veneer   0x00000000080001b8        0x0
 .vfp11_veneer  0x00000000080001b8        0x0 linker stubs

.v4_bx          0x00000000080001b8        0x0
 .v4_bx         0x00000000080001b8        0x0 linker stubs

.iplt           0x00000000080001b8        0x0
 .iplt          0x00000000080001b8        0x0 obj/main.o

.rel.dyn        0x00000000080001b8        0x0
 .rel.iplt      0x00000000080001b8        0x0 obj/main.o

.data           0x0000000020000000        0x4 load address 0x00000000080001b6
                0x0000000020000000                . = ALIGN (0x4)
                0x0000000020000000                _sdata = .
 *(.data)
 .data          0x0000000020000000        0x4 obj/main.o
 .data          0x0000000020000004        0x0 obj/startup.o
 *(.data*)
                0x0000000020000004                . = ALIGN (0x4)
                0x0000000020000004                _edata = .

.igot.plt       0x0000000020000004        0x0 load address 0x00000000080001ba
 .igot.plt      0x0000000020000004        0x0 obj/main.o

.bss            0x0000000020000004        0x4 load address 0x00000000080001ba
                0x0000000020000004                . = ALIGN (0x4)
                0x0000000020000004                _sbss = .
                0x0000000020000004                __bss_start__ = _sbss
 *(.bss)
 .bss           0x0000000020000004        0x4 obj/main.o
 .bss           0x0000000020000008        0x0 obj/startup.o
 *(.bss*)
 *(COMMON)
                0x0000000020000008                . = ALIGN (0x4)
                0x0000000020000008                _ebss = .
                0x0000000020000008                __bss_end__ = _ebss
                0x0000000020000008                _end = .
                [!provide]                        PROVIDE (end, .)
OUTPUT(out/main.elf elf32-littlearm)

.debug_info     0x0000000000000000      0x13b
 .debug_info    0x0000000000000000       0xc7 obj/main.o
 .debug_info    0x00000000000000c7       0x74 obj/startup.o

.debug_abbrev   0x0000000000000000       0x83
 .debug_abbrev  0x0000000000000000       0x6f obj/main.o
 .debug_abbrev  0x000000000000006f       0x14 obj/startup.o

.debug_aranges  0x0000000000000000       0x40
 .debug_aranges
                0x0000000000000000       0x20 obj/main.o
 .debug_aranges
                0x0000000000000020       0x20 obj/startup.o

.debug_line     0x0000000000000000       0xbc
 .debug_line    0x0000000000000000       0x7f obj/main.o
 .debug_line    0x000000000000007f       0x3d obj/startup.o

.debug_str      0x0000000000000000      0x159
 .debug_str     0x0000000000000000      0x159 obj/main.o
                                        0x18d (size before relaxing)

.comment        0x0000000000000000       0x38
 .comment       0x0000000000000000       0x38 obj/main.o
                                         0x39 (size before relaxing)

.ARM.attributes
                0x0000000000000000       0x37
 .ARM.attributes
                0x0000000000000000       0x39 obj/main.o
 .ARM.attributes
                0x0000000000000039       0x21 obj/startup.o

.debug_frame    0x0000000000000000       0x2c
 .debug_frame   0x0000000000000000       0x2c obj/main.o
