Archive member included to satisfy reference by file (symbol)

/usr/lib/gcc/arm-none-eabi/5.3.0/../../../../arm-none-eabi/lib/armv7e-m/libg.a(lib_a-errno.o)
                              obj/sbrk.o (__errno)
/usr/lib/gcc/arm-none-eabi/5.3.0/../../../../arm-none-eabi/lib/armv7e-m/libg.a(lib_a-impure.o)
                              /usr/lib/gcc/arm-none-eabi/5.3.0/../../../../arm-none-eabi/lib/armv7e-m/libg.a(lib_a-errno.o) (_impure_ptr)
/usr/lib/gcc/arm-none-eabi/5.3.0/../../../../arm-none-eabi/lib/armv7e-m/libg.a(lib_a-sprintf.o)
                              obj/main.o (sprintf)
/usr/lib/gcc/arm-none-eabi/5.3.0/../../../../arm-none-eabi/lib/armv7e-m/libg.a(lib_a-svfprintf.o)
                              /usr/lib/gcc/arm-none-eabi/5.3.0/../../../../arm-none-eabi/lib/armv7e-m/libg.a(lib_a-sprintf.o) (_svfprintf_r)
/usr/lib/gcc/arm-none-eabi/5.3.0/../../../../arm-none-eabi/lib/armv7e-m/libg.a(lib_a-dtoa.o)
                              /usr/lib/gcc/arm-none-eabi/5.3.0/../../../../arm-none-eabi/lib/armv7e-m/libg.a(lib_a-svfprintf.o) (_dtoa_r)
/usr/lib/gcc/arm-none-eabi/5.3.0/../../../../arm-none-eabi/lib/armv7e-m/libg.a(lib_a-locale.o)
                              /usr/lib/gcc/arm-none-eabi/5.3.0/../../../../arm-none-eabi/lib/armv7e-m/libg.a(lib_a-svfprintf.o) (_localeconv_r)
/usr/lib/gcc/arm-none-eabi/5.3.0/../../../../arm-none-eabi/lib/armv7e-m/libg.a(lib_a-mallocr.o)
                              /usr/lib/gcc/arm-none-eabi/5.3.0/../../../../arm-none-eabi/lib/armv7e-m/libg.a(lib_a-svfprintf.o) (_malloc_r)
/usr/lib/gcc/arm-none-eabi/5.3.0/../../../../arm-none-eabi/lib/armv7e-m/libg.a(lib_a-memchr.o)
                              /usr/lib/gcc/arm-none-eabi/5.3.0/../../../../arm-none-eabi/lib/armv7e-m/libg.a(lib_a-svfprintf.o) (memchr)
/usr/lib/gcc/arm-none-eabi/5.3.0/../../../../arm-none-eabi/lib/armv7e-m/libg.a(lib_a-memcpy.o)
                              /usr/lib/gcc/arm-none-eabi/5.3.0/../../../../arm-none-eabi/lib/armv7e-m/libg.a(lib_a-dtoa.o) (memcpy)
/usr/lib/gcc/arm-none-eabi/5.3.0/../../../../arm-none-eabi/lib/armv7e-m/libg.a(lib_a-mlock.o)
                              /usr/lib/gcc/arm-none-eabi/5.3.0/../../../../arm-none-eabi/lib/armv7e-m/libg.a(lib_a-mallocr.o) (__malloc_lock)
/usr/lib/gcc/arm-none-eabi/5.3.0/../../../../arm-none-eabi/lib/armv7e-m/libg.a(lib_a-mprec.o)
                              /usr/lib/gcc/arm-none-eabi/5.3.0/../../../../arm-none-eabi/lib/armv7e-m/libg.a(lib_a-dtoa.o) (_Balloc)
/usr/lib/gcc/arm-none-eabi/5.3.0/../../../../arm-none-eabi/lib/armv7e-m/libg.a(lib_a-s_fpclassify.o)
                              /usr/lib/gcc/arm-none-eabi/5.3.0/../../../../arm-none-eabi/lib/armv7e-m/libg.a(lib_a-svfprintf.o) (__fpclassifyd)
/usr/lib/gcc/arm-none-eabi/5.3.0/../../../../arm-none-eabi/lib/armv7e-m/libg.a(lib_a-sbrkr.o)
                              /usr/lib/gcc/arm-none-eabi/5.3.0/../../../../arm-none-eabi/lib/armv7e-m/libg.a(lib_a-mallocr.o) (_sbrk_r)
/usr/lib/gcc/arm-none-eabi/5.3.0/../../../../arm-none-eabi/lib/armv7e-m/libg.a(lib_a-strcmp.o)
                              /usr/lib/gcc/arm-none-eabi/5.3.0/../../../../arm-none-eabi/lib/armv7e-m/libg.a(lib_a-locale.o) (strcmp)
/usr/lib/gcc/arm-none-eabi/5.3.0/../../../../arm-none-eabi/lib/armv7e-m/libg.a(lib_a-strlen.o)
                              /usr/lib/gcc/arm-none-eabi/5.3.0/../../../../arm-none-eabi/lib/armv7e-m/libg.a(lib_a-svfprintf.o) (strlen)
/usr/lib/gcc/arm-none-eabi/5.3.0/../../../../arm-none-eabi/lib/armv7e-m/libg.a(lib_a-svfiprintf.o)
                              /usr/lib/gcc/arm-none-eabi/5.3.0/../../../../arm-none-eabi/lib/armv7e-m/libg.a(lib_a-svfprintf.o) (__ssprint_r)
/usr/lib/gcc/arm-none-eabi/5.3.0/../../../../arm-none-eabi/lib/armv7e-m/libg.a(lib_a-callocr.o)
                              /usr/lib/gcc/arm-none-eabi/5.3.0/../../../../arm-none-eabi/lib/armv7e-m/libg.a(lib_a-mprec.o) (_calloc_r)
/usr/lib/gcc/arm-none-eabi/5.3.0/../../../../arm-none-eabi/lib/armv7e-m/libg.a(lib_a-freer.o)
                              /usr/lib/gcc/arm-none-eabi/5.3.0/../../../../arm-none-eabi/lib/armv7e-m/libg.a(lib_a-mallocr.o) (_free_r)
/usr/lib/gcc/arm-none-eabi/5.3.0/../../../../arm-none-eabi/lib/armv7e-m/libg.a(lib_a-memmove.o)
                              /usr/lib/gcc/arm-none-eabi/5.3.0/../../../../arm-none-eabi/lib/armv7e-m/libg.a(lib_a-svfiprintf.o) (memmove)
/usr/lib/gcc/arm-none-eabi/5.3.0/../../../../arm-none-eabi/lib/armv7e-m/libg.a(lib_a-memset.o)
                              /usr/lib/gcc/arm-none-eabi/5.3.0/../../../../arm-none-eabi/lib/armv7e-m/libg.a(lib_a-callocr.o) (memset)
/usr/lib/gcc/arm-none-eabi/5.3.0/../../../../arm-none-eabi/lib/armv7e-m/libg.a(lib_a-reallocr.o)
                              /usr/lib/gcc/arm-none-eabi/5.3.0/../../../../arm-none-eabi/lib/armv7e-m/libg.a(lib_a-svfiprintf.o) (_realloc_r)
/usr/lib/gcc/arm-none-eabi/5.3.0/../../../../arm-none-eabi/lib/armv7e-m/libg.a(lib_a-reent.o)
                              /usr/lib/gcc/arm-none-eabi/5.3.0/../../../../arm-none-eabi/lib/armv7e-m/libg.a(lib_a-sbrkr.o) (errno)
/usr/lib/gcc/arm-none-eabi/5.3.0/armv7e-m/libgcc.a(_arm_addsubdf3.o)
                              /usr/lib/gcc/arm-none-eabi/5.3.0/../../../../arm-none-eabi/lib/armv7e-m/libg.a(lib_a-dtoa.o) (__aeabi_dsub)
/usr/lib/gcc/arm-none-eabi/5.3.0/armv7e-m/libgcc.a(_arm_muldivdf3.o)
                              /usr/lib/gcc/arm-none-eabi/5.3.0/../../../../arm-none-eabi/lib/armv7e-m/libg.a(lib_a-dtoa.o) (__aeabi_dmul)
/usr/lib/gcc/arm-none-eabi/5.3.0/armv7e-m/libgcc.a(_arm_cmpdf2.o)
                              /usr/lib/gcc/arm-none-eabi/5.3.0/../../../../arm-none-eabi/lib/armv7e-m/libg.a(lib_a-svfprintf.o) (__aeabi_dcmpeq)
/usr/lib/gcc/arm-none-eabi/5.3.0/armv7e-m/libgcc.a(_arm_fixdfsi.o)
                              /usr/lib/gcc/arm-none-eabi/5.3.0/../../../../arm-none-eabi/lib/armv7e-m/libg.a(lib_a-dtoa.o) (__aeabi_d2iz)
/usr/lib/gcc/arm-none-eabi/5.3.0/armv7e-m/libgcc.a(_aeabi_uldivmod.o)
                              /usr/lib/gcc/arm-none-eabi/5.3.0/../../../../arm-none-eabi/lib/armv7e-m/libg.a(lib_a-svfprintf.o) (__aeabi_uldivmod)
/usr/lib/gcc/arm-none-eabi/5.3.0/armv7e-m/libgcc.a(_udivmoddi4.o)
                              /usr/lib/gcc/arm-none-eabi/5.3.0/armv7e-m/libgcc.a(_aeabi_uldivmod.o) (__udivmoddi4)
/usr/lib/gcc/arm-none-eabi/5.3.0/armv7e-m/libgcc.a(_dvmd_tls.o)
                              /usr/lib/gcc/arm-none-eabi/5.3.0/armv7e-m/libgcc.a(_aeabi_uldivmod.o) (__aeabi_ldiv0)

Allocating common symbols
Common symbol       size              file

errno               0x4               /usr/lib/gcc/arm-none-eabi/5.3.0/../../../../arm-none-eabi/lib/armv7e-m/libg.a(lib_a-reent.o)
test                0x64              obj/main.o
__stm32_tick        0x4               obj/exceptions.o

Memory Configuration

Name             Origin             Length             Attributes
RAM              0x0000000020000000 0x0000000000030000 xrw
FLASH            0x0000000008000000 0x0000000000100000 xr
*default*        0x0000000000000000 0xffffffffffffffff

Linker script and memory map

LOAD /usr/lib/gcc/arm-none-eabi/5.3.0/../../../../arm-none-eabi/lib/armv7e-m/libc.a
LOAD /usr/lib/gcc/arm-none-eabi/5.3.0/../../../../arm-none-eabi/lib/armv7e-m/libnosys.a
LOAD obj/low_level_init.o
LOAD obj/exceptions.o
LOAD obj/main.o
LOAD obj/sbrk.o
LOAD obj/startup.o
START GROUP
LOAD /usr/lib/gcc/arm-none-eabi/5.3.0/armv7e-m/libgcc.a
LOAD /usr/lib/gcc/arm-none-eabi/5.3.0/../../../../arm-none-eabi/lib/armv7e-m/libg.a
LOAD /usr/lib/gcc/arm-none-eabi/5.3.0/../../../../arm-none-eabi/lib/armv7e-m/libc.a
END GROUP
                0x0000000020020000                _estack = 0x20020000

.text           0x0000000008000000     0x63f8
 *(.isr_vector)
 .isr_vector    0x0000000008000000      0x188 obj/startup.o
                0x0000000008000000                g_pfnVectors
 *(.text)
 .text          0x0000000008000188      0x150 obj/low_level_init.o
                0x0000000008000188                low_level_init
 .text          0x00000000080002d8       0x6c obj/exceptions.o
                0x00000000080002d8                NMI_Handler
                0x00000000080002e4                HardFault_Handler
                0x00000000080002ec                MemManage_Handler
                0x00000000080002f4                BusFault_Handler
                0x00000000080002fc                UsageFault_Handler
                0x0000000008000304                SVC_Handler
                0x0000000008000310                DebugMon_Handler
                0x000000000800031c                PendSV_Handler
                0x0000000008000328                SysTick_Handler
 .text          0x0000000008000344       0x24 obj/main.o
                0x0000000008000344                main
 .text          0x0000000008000368       0x64 obj/sbrk.o
                0x0000000008000368                _sbrk
 .text          0x00000000080003cc       0x14 obj/startup.o
 .text          0x00000000080003e0        0x0 /usr/lib/gcc/arm-none-eabi/5.3.0/../../../../arm-none-eabi/lib/armv7e-m/libg.a(lib_a-errno.o)
 .text          0x00000000080003e0        0x0 /usr/lib/gcc/arm-none-eabi/5.3.0/../../../../arm-none-eabi/lib/armv7e-m/libg.a(lib_a-impure.o)
 .text          0x00000000080003e0        0x0 /usr/lib/gcc/arm-none-eabi/5.3.0/../../../../arm-none-eabi/lib/armv7e-m/libg.a(lib_a-sprintf.o)
 .text          0x00000000080003e0        0x0 /usr/lib/gcc/arm-none-eabi/5.3.0/../../../../arm-none-eabi/lib/armv7e-m/libg.a(lib_a-svfprintf.o)
 .text          0x00000000080003e0        0x0 /usr/lib/gcc/arm-none-eabi/5.3.0/../../../../arm-none-eabi/lib/armv7e-m/libg.a(lib_a-dtoa.o)
 .text          0x00000000080003e0        0x0 /usr/lib/gcc/arm-none-eabi/5.3.0/../../../../arm-none-eabi/lib/armv7e-m/libg.a(lib_a-locale.o)
 .text          0x00000000080003e0        0x0 /usr/lib/gcc/arm-none-eabi/5.3.0/../../../../arm-none-eabi/lib/armv7e-m/libg.a(lib_a-mallocr.o)
 .text          0x00000000080003e0       0xa0 /usr/lib/gcc/arm-none-eabi/5.3.0/../../../../arm-none-eabi/lib/armv7e-m/libg.a(lib_a-memchr.o)
                0x00000000080003e0                memchr
 .text          0x0000000008000480      0x134 /usr/lib/gcc/arm-none-eabi/5.3.0/../../../../arm-none-eabi/lib/armv7e-m/libg.a(lib_a-memcpy.o)
                0x0000000008000480                memcpy
 .text          0x00000000080005b4        0x0 /usr/lib/gcc/arm-none-eabi/5.3.0/../../../../arm-none-eabi/lib/armv7e-m/libg.a(lib_a-mlock.o)
 .text          0x00000000080005b4        0x0 /usr/lib/gcc/arm-none-eabi/5.3.0/../../../../arm-none-eabi/lib/armv7e-m/libg.a(lib_a-mprec.o)
 .text          0x00000000080005b4        0x0 /usr/lib/gcc/arm-none-eabi/5.3.0/../../../../arm-none-eabi/lib/armv7e-m/libg.a(lib_a-s_fpclassify.o)
 .text          0x00000000080005b4        0x0 /usr/lib/gcc/arm-none-eabi/5.3.0/../../../../arm-none-eabi/lib/armv7e-m/libg.a(lib_a-sbrkr.o)
 *fill*         0x00000000080005b4        0xc 
 .text          0x00000000080005c0      0x2dc /usr/lib/gcc/arm-none-eabi/5.3.0/../../../../arm-none-eabi/lib/armv7e-m/libg.a(lib_a-strcmp.o)
                0x00000000080005c8                strcmp
 *fill*         0x000000000800089c       0x24 
 .text          0x00000000080008c0       0xdc /usr/lib/gcc/arm-none-eabi/5.3.0/../../../../arm-none-eabi/lib/armv7e-m/libg.a(lib_a-strlen.o)
                0x00000000080008c0                strlen
 .text          0x000000000800099c        0x0 /usr/lib/gcc/arm-none-eabi/5.3.0/../../../../arm-none-eabi/lib/armv7e-m/libg.a(lib_a-svfiprintf.o)
 .text          0x000000000800099c        0x0 /usr/lib/gcc/arm-none-eabi/5.3.0/../../../../arm-none-eabi/lib/armv7e-m/libg.a(lib_a-callocr.o)
 .text          0x000000000800099c        0x0 /usr/lib/gcc/arm-none-eabi/5.3.0/../../../../arm-none-eabi/lib/armv7e-m/libg.a(lib_a-freer.o)
 .text          0x000000000800099c        0x0 /usr/lib/gcc/arm-none-eabi/5.3.0/../../../../arm-none-eabi/lib/armv7e-m/libg.a(lib_a-memmove.o)
 .text          0x000000000800099c        0x0 /usr/lib/gcc/arm-none-eabi/5.3.0/../../../../arm-none-eabi/lib/armv7e-m/libg.a(lib_a-memset.o)
 .text          0x000000000800099c        0x0 /usr/lib/gcc/arm-none-eabi/5.3.0/../../../../arm-none-eabi/lib/armv7e-m/libg.a(lib_a-reallocr.o)
 .text          0x000000000800099c        0x0 /usr/lib/gcc/arm-none-eabi/5.3.0/../../../../arm-none-eabi/lib/armv7e-m/libg.a(lib_a-reent.o)
 .text          0x000000000800099c      0x370 /usr/lib/gcc/arm-none-eabi/5.3.0/armv7e-m/libgcc.a(_arm_addsubdf3.o)
                0x000000000800099c                __aeabi_drsub
                0x00000000080009a4                __aeabi_dsub
                0x00000000080009a4                __subdf3
                0x00000000080009a8                __adddf3
                0x00000000080009a8                __aeabi_dadd
                0x0000000008000c20                __aeabi_ui2d
                0x0000000008000c20                __floatunsidf
                0x0000000008000c40                __floatsidf
                0x0000000008000c40                __aeabi_i2d
                0x0000000008000c64                __extendsfdf2
                0x0000000008000c64                __aeabi_f2d
                0x0000000008000ca0                __aeabi_ul2d
                0x0000000008000ca0                __floatundidf
                0x0000000008000cb0                __floatdidf
                0x0000000008000cb0                __aeabi_l2d
 .text          0x0000000008000d0c      0x424 /usr/lib/gcc/arm-none-eabi/5.3.0/armv7e-m/libgcc.a(_arm_muldivdf3.o)
                0x0000000008000d0c                __aeabi_dmul
                0x0000000008000d0c                __muldf3
                0x0000000008000f60                __aeabi_ddiv
                0x0000000008000f60                __divdf3
 .text          0x0000000008001130      0x110 /usr/lib/gcc/arm-none-eabi/5.3.0/armv7e-m/libgcc.a(_arm_cmpdf2.o)
                0x0000000008001130                __gtdf2
                0x0000000008001130                __gedf2
                0x0000000008001138                __ltdf2
                0x0000000008001138                __ledf2
                0x0000000008001140                __cmpdf2
                0x0000000008001140                __eqdf2
                0x0000000008001140                __nedf2
                0x00000000080011bc                __aeabi_cdrcmple
                0x00000000080011cc                __aeabi_cdcmple
                0x00000000080011cc                __aeabi_cdcmpeq
                0x00000000080011dc                __aeabi_dcmpeq
                0x00000000080011f0                __aeabi_dcmplt
                0x0000000008001204                __aeabi_dcmple
                0x0000000008001218                __aeabi_dcmpge
                0x000000000800122c                __aeabi_dcmpgt
 .text          0x0000000008001240       0x50 /usr/lib/gcc/arm-none-eabi/5.3.0/armv7e-m/libgcc.a(_arm_fixdfsi.o)
                0x0000000008001240                __fixdfsi
                0x0000000008001240                __aeabi_d2iz
 .text          0x0000000008001290       0x30 /usr/lib/gcc/arm-none-eabi/5.3.0/armv7e-m/libgcc.a(_aeabi_uldivmod.o)
                0x0000000008001290                __aeabi_uldivmod
 .text          0x00000000080012c0        0x0 /usr/lib/gcc/arm-none-eabi/5.3.0/armv7e-m/libgcc.a(_udivmoddi4.o)
 .text          0x00000000080012c0        0x4 /usr/lib/gcc/arm-none-eabi/5.3.0/armv7e-m/libgcc.a(_dvmd_tls.o)
                0x00000000080012c0                __aeabi_ldiv0
                0x00000000080012c0                __aeabi_idiv0
 *(.text*)
 .text.Reset_Handler
                0x00000000080012c4       0x54 obj/startup.o
                0x00000000080012c4                Reset_Handler
 .text.Default_Handler
                0x0000000008001318        0x2 obj/startup.o
                0x0000000008001318                RTC_Alarm_IRQHandler
                0x0000000008001318                HASH_RNG_IRQHandler
                0x0000000008001318                EXTI2_IRQHandler
                0x0000000008001318                TIM8_CC_IRQHandler
                0x0000000008001318                TIM1_CC_IRQHandler
                0x0000000008001318                DMA2_Stream5_IRQHandler
                0x0000000008001318                DMA1_Stream5_IRQHandler
                0x0000000008001318                PVD_IRQHandler
                0x0000000008001318                SDIO_IRQHandler
                0x0000000008001318                TAMP_STAMP_IRQHandler
                0x0000000008001318                CAN2_RX1_IRQHandler
                0x0000000008001318                EXTI3_IRQHandler
                0x0000000008001318                TIM8_TRG_COM_TIM14_IRQHandler
                0x0000000008001318                TIM1_UP_TIM10_IRQHandler
                0x0000000008001318                TIM8_UP_TIM13_IRQHandler
                0x0000000008001318                I2C3_ER_IRQHandler
                0x0000000008001318                EXTI0_IRQHandler
                0x0000000008001318                I2C2_EV_IRQHandler
                0x0000000008001318                DMA1_Stream2_IRQHandler
                0x0000000008001318                CAN1_RX0_IRQHandler
                0x0000000008001318                FPU_IRQHandler
                0x0000000008001318                OTG_HS_WKUP_IRQHandler
                0x0000000008001318                CAN2_SCE_IRQHandler
                0x0000000008001318                DMA2_Stream2_IRQHandler
                0x0000000008001318                SPI1_IRQHandler
                0x0000000008001318                TIM6_DAC_IRQHandler
                0x0000000008001318                TIM1_BRK_TIM9_IRQHandler
                0x0000000008001318                DCMI_IRQHandler
                0x0000000008001318                CAN2_RX0_IRQHandler
                0x0000000008001318                DMA2_Stream3_IRQHandler
                0x0000000008001318                USART6_IRQHandler
                0x0000000008001318                USART3_IRQHandler
                0x0000000008001318                CRYP_IRQHandler
                0x0000000008001318                CAN1_RX1_IRQHandler
                0x0000000008001318                UART5_IRQHandler
                0x0000000008001318                DMA2_Stream0_IRQHandler
                0x0000000008001318                TIM4_IRQHandler
                0x0000000008001318                I2C1_EV_IRQHandler
                0x0000000008001318                DMA1_Stream6_IRQHandler
                0x0000000008001318                DMA1_Stream1_IRQHandler
                0x0000000008001318                UART4_IRQHandler
                0x0000000008001318                TIM3_IRQHandler
                0x0000000008001318                RCC_IRQHandler
                0x0000000008001318                TIM8_BRK_TIM12_IRQHandler
                0x0000000008001318                Default_Handler
                0x0000000008001318                EXTI15_10_IRQHandler
                0x0000000008001318                ADC_IRQHandler
                0x0000000008001318                DMA1_Stream7_IRQHandler
                0x0000000008001318                TIM7_IRQHandler
                0x0000000008001318                CAN2_TX_IRQHandler
                0x0000000008001318                TIM5_IRQHandler
                0x0000000008001318                DMA2_Stream7_IRQHandler
                0x0000000008001318                I2C3_EV_IRQHandler
                0x0000000008001318                EXTI9_5_IRQHandler
                0x0000000008001318                RTC_WKUP_IRQHandler
                0x0000000008001318                ETH_WKUP_IRQHandler
                0x0000000008001318                SPI2_IRQHandler
                0x0000000008001318                OTG_HS_EP1_IN_IRQHandler
                0x0000000008001318                DMA1_Stream0_IRQHandler
                0x0000000008001318                CAN1_TX_IRQHandler
                0x0000000008001318                EXTI4_IRQHandler
                0x0000000008001318                FSMC_IRQHandler
                0x0000000008001318                ETH_IRQHandler
                0x0000000008001318                OTG_HS_EP1_OUT_IRQHandler
                0x0000000008001318                WWDG_IRQHandler
                0x0000000008001318                TIM2_IRQHandler
                0x0000000008001318                OTG_FS_WKUP_IRQHandler
                0x0000000008001318                TIM1_TRG_COM_TIM11_IRQHandler
                0x0000000008001318                OTG_HS_IRQHandler
                0x0000000008001318                EXTI1_IRQHandler
                0x0000000008001318                USART2_IRQHandler
                0x0000000008001318                I2C2_ER_IRQHandler
                0x0000000008001318                DMA2_Stream1_IRQHandler
                0x0000000008001318                CAN1_SCE_IRQHandler
                0x0000000008001318                FLASH_IRQHandler
                0x0000000008001318                DMA2_Stream4_IRQHandler
                0x0000000008001318                USART1_IRQHandler
                0x0000000008001318                OTG_FS_IRQHandler
                0x0000000008001318                SPI3_IRQHandler
                0x0000000008001318                DMA1_Stream4_IRQHandler
                0x0000000008001318                I2C1_ER_IRQHandler
                0x0000000008001318                DMA2_Stream6_IRQHandler
                0x0000000008001318                DMA1_Stream3_IRQHandler
 *fill*         0x000000000800131a        0x2 
 .text.__errno  0x000000000800131c        0xc /usr/lib/gcc/arm-none-eabi/5.3.0/../../../../arm-none-eabi/lib/armv7e-m/libg.a(lib_a-errno.o)
                0x000000000800131c                __errno
 .text._sprintf_r
                0x0000000008001328       0x44 /usr/lib/gcc/arm-none-eabi/5.3.0/../../../../arm-none-eabi/lib/armv7e-m/libg.a(lib_a-sprintf.o)
                0x0000000008001328                _sprintf_r
 .text.sprintf  0x000000000800136c       0x4c /usr/lib/gcc/arm-none-eabi/5.3.0/../../../../arm-none-eabi/lib/armv7e-m/libg.a(lib_a-sprintf.o)
                0x000000000800136c                sprintf
 .text._svfprintf_r
                0x00000000080013b8     0x1690 /usr/lib/gcc/arm-none-eabi/5.3.0/../../../../arm-none-eabi/lib/armv7e-m/libg.a(lib_a-svfprintf.o)
                0x00000000080013b8                _svfprintf_r
 .text.quorem   0x0000000008002a48      0x128 /usr/lib/gcc/arm-none-eabi/5.3.0/../../../../arm-none-eabi/lib/armv7e-m/libg.a(lib_a-dtoa.o)
 .text._dtoa_r  0x0000000008002b70      0xe58 /usr/lib/gcc/arm-none-eabi/5.3.0/../../../../arm-none-eabi/lib/armv7e-m/libg.a(lib_a-dtoa.o)
                0x0000000008002b70                _dtoa_r
 .text._setlocale_r
                0x00000000080039c8       0x40 /usr/lib/gcc/arm-none-eabi/5.3.0/../../../../arm-none-eabi/lib/armv7e-m/libg.a(lib_a-locale.o)
                0x00000000080039c8                _setlocale_r
 .text.__locale_charset
                0x0000000008003a08        0x8 /usr/lib/gcc/arm-none-eabi/5.3.0/../../../../arm-none-eabi/lib/armv7e-m/libg.a(lib_a-locale.o)
                0x0000000008003a08                __locale_charset
 .text.__locale_mb_cur_max
                0x0000000008003a10        0xc /usr/lib/gcc/arm-none-eabi/5.3.0/../../../../arm-none-eabi/lib/armv7e-m/libg.a(lib_a-locale.o)
                0x0000000008003a10                __locale_mb_cur_max
 .text.__locale_msgcharset
                0x0000000008003a1c        0x8 /usr/lib/gcc/arm-none-eabi/5.3.0/../../../../arm-none-eabi/lib/armv7e-m/libg.a(lib_a-locale.o)
                0x0000000008003a1c                __locale_msgcharset
 .text.__locale_cjk_lang
                0x0000000008003a24        0x4 /usr/lib/gcc/arm-none-eabi/5.3.0/../../../../arm-none-eabi/lib/armv7e-m/libg.a(lib_a-locale.o)
                0x0000000008003a24                __locale_cjk_lang
 .text._localeconv_r
                0x0000000008003a28        0x8 /usr/lib/gcc/arm-none-eabi/5.3.0/../../../../arm-none-eabi/lib/armv7e-m/libg.a(lib_a-locale.o)
                0x0000000008003a28                _localeconv_r
 .text.setlocale
                0x0000000008003a30       0x10 /usr/lib/gcc/arm-none-eabi/5.3.0/../../../../arm-none-eabi/lib/armv7e-m/libg.a(lib_a-locale.o)
                0x0000000008003a30                setlocale
 .text.localeconv
                0x0000000008003a40        0x8 /usr/lib/gcc/arm-none-eabi/5.3.0/../../../../arm-none-eabi/lib/armv7e-m/libg.a(lib_a-locale.o)
                0x0000000008003a40                localeconv
 .text._malloc_r
                0x0000000008003a48      0x570 /usr/lib/gcc/arm-none-eabi/5.3.0/../../../../arm-none-eabi/lib/armv7e-m/libg.a(lib_a-mallocr.o)
                0x0000000008003a48                _malloc_r
 .text.__malloc_lock
                0x0000000008003fb8        0x4 /usr/lib/gcc/arm-none-eabi/5.3.0/../../../../arm-none-eabi/lib/armv7e-m/libg.a(lib_a-mlock.o)
                0x0000000008003fb8                __malloc_lock
 .text.__malloc_unlock
                0x0000000008003fbc        0x4 /usr/lib/gcc/arm-none-eabi/5.3.0/../../../../arm-none-eabi/lib/armv7e-m/libg.a(lib_a-mlock.o)
                0x0000000008003fbc                __malloc_unlock
 .text._Balloc  0x0000000008003fc0       0x4c /usr/lib/gcc/arm-none-eabi/5.3.0/../../../../arm-none-eabi/lib/armv7e-m/libg.a(lib_a-mprec.o)
                0x0000000008003fc0                _Balloc
 .text._Bfree   0x000000000800400c       0x14 /usr/lib/gcc/arm-none-eabi/5.3.0/../../../../arm-none-eabi/lib/armv7e-m/libg.a(lib_a-mprec.o)
                0x000000000800400c                _Bfree
 .text.__multadd
                0x0000000008004020       0x80 /usr/lib/gcc/arm-none-eabi/5.3.0/../../../../arm-none-eabi/lib/armv7e-m/libg.a(lib_a-mprec.o)
                0x0000000008004020                __multadd
 .text.__s2b    0x00000000080040a0       0x98 /usr/lib/gcc/arm-none-eabi/5.3.0/../../../../arm-none-eabi/lib/armv7e-m/libg.a(lib_a-mprec.o)
                0x00000000080040a0                __s2b
 .text.__hi0bits
                0x0000000008004138       0x40 /usr/lib/gcc/arm-none-eabi/5.3.0/../../../../arm-none-eabi/lib/armv7e-m/libg.a(lib_a-mprec.o)
                0x0000000008004138                __hi0bits
 .text.__lo0bits
                0x0000000008004178       0x5c /usr/lib/gcc/arm-none-eabi/5.3.0/../../../../arm-none-eabi/lib/armv7e-m/libg.a(lib_a-mprec.o)
                0x0000000008004178                __lo0bits
 .text.__i2b    0x00000000080041d4       0x14 /usr/lib/gcc/arm-none-eabi/5.3.0/../../../../arm-none-eabi/lib/armv7e-m/libg.a(lib_a-mprec.o)
                0x00000000080041d4                __i2b
 .text.__multiply
                0x00000000080041e8      0x130 /usr/lib/gcc/arm-none-eabi/5.3.0/../../../../arm-none-eabi/lib/armv7e-m/libg.a(lib_a-mprec.o)
                0x00000000080041e8                __multiply
 .text.__pow5mult
                0x0000000008004318       0xa0 /usr/lib/gcc/arm-none-eabi/5.3.0/../../../../arm-none-eabi/lib/armv7e-m/libg.a(lib_a-mprec.o)
                0x0000000008004318                __pow5mult
 .text.__lshift
                0x00000000080043b8       0xb0 /usr/lib/gcc/arm-none-eabi/5.3.0/../../../../arm-none-eabi/lib/armv7e-m/libg.a(lib_a-mprec.o)
                0x00000000080043b8                __lshift
 .text.__mcmp   0x0000000008004468       0x40 /usr/lib/gcc/arm-none-eabi/5.3.0/../../../../arm-none-eabi/lib/armv7e-m/libg.a(lib_a-mprec.o)
                0x0000000008004468                __mcmp
 .text.__mdiff  0x00000000080044a8      0x114 /usr/lib/gcc/arm-none-eabi/5.3.0/../../../../arm-none-eabi/lib/armv7e-m/libg.a(lib_a-mprec.o)
                0x00000000080044a8                __mdiff
 .text.__ulp    0x00000000080045bc       0x44 /usr/lib/gcc/arm-none-eabi/5.3.0/../../../../arm-none-eabi/lib/armv7e-m/libg.a(lib_a-mprec.o)
                0x00000000080045bc                __ulp
 .text.__b2d    0x0000000008004600       0xd4 /usr/lib/gcc/arm-none-eabi/5.3.0/../../../../arm-none-eabi/lib/armv7e-m/libg.a(lib_a-mprec.o)
                0x0000000008004600                __b2d
 .text.__d2b    0x00000000080046d4       0xb8 /usr/lib/gcc/arm-none-eabi/5.3.0/../../../../arm-none-eabi/lib/armv7e-m/libg.a(lib_a-mprec.o)
                0x00000000080046d4                __d2b
 .text.__ratio  0x000000000800478c       0x54 /usr/lib/gcc/arm-none-eabi/5.3.0/../../../../arm-none-eabi/lib/armv7e-m/libg.a(lib_a-mprec.o)
                0x000000000800478c                __ratio
 .text._mprec_log10
                0x00000000080047e0       0x34 /usr/lib/gcc/arm-none-eabi/5.3.0/../../../../arm-none-eabi/lib/armv7e-m/libg.a(lib_a-mprec.o)
                0x00000000080047e0                _mprec_log10
 .text.__copybits
                0x0000000008004814       0x48 /usr/lib/gcc/arm-none-eabi/5.3.0/../../../../arm-none-eabi/lib/armv7e-m/libg.a(lib_a-mprec.o)
                0x0000000008004814                __copybits
 .text.__any_on
                0x000000000800485c       0x5c /usr/lib/gcc/arm-none-eabi/5.3.0/../../../../arm-none-eabi/lib/armv7e-m/libg.a(lib_a-mprec.o)
                0x000000000800485c                __any_on
 .text.__fpclassifyd
                0x00000000080048b8       0x54 /usr/lib/gcc/arm-none-eabi/5.3.0/../../../../arm-none-eabi/lib/armv7e-m/libg.a(lib_a-s_fpclassify.o)
                0x00000000080048b8                __fpclassifyd
 .text._sbrk_r  0x000000000800490c       0x24 /usr/lib/gcc/arm-none-eabi/5.3.0/../../../../arm-none-eabi/lib/armv7e-m/libg.a(lib_a-sbrkr.o)
                0x000000000800490c                _sbrk_r
 .text.__ssprint_r
                0x0000000008004930      0x100 /usr/lib/gcc/arm-none-eabi/5.3.0/../../../../arm-none-eabi/lib/armv7e-m/libg.a(lib_a-svfiprintf.o)
                0x0000000008004930                __ssprint_r
 .text._svfiprintf_r
                0x0000000008004a30      0xc5c /usr/lib/gcc/arm-none-eabi/5.3.0/../../../../arm-none-eabi/lib/armv7e-m/libg.a(lib_a-svfiprintf.o)
                0x0000000008004a30                _svfiprintf_r
 .text._calloc_r
                0x000000000800568c       0x60 /usr/lib/gcc/arm-none-eabi/5.3.0/../../../../arm-none-eabi/lib/armv7e-m/libg.a(lib_a-callocr.o)
                0x000000000800568c                _calloc_r
 .text._malloc_trim_r
                0x00000000080056ec       0x9c /usr/lib/gcc/arm-none-eabi/5.3.0/../../../../arm-none-eabi/lib/armv7e-m/libg.a(lib_a-freer.o)
                0x00000000080056ec                _malloc_trim_r
 .text._free_r  0x0000000008005788      0x1d0 /usr/lib/gcc/arm-none-eabi/5.3.0/../../../../arm-none-eabi/lib/armv7e-m/libg.a(lib_a-freer.o)
                0x0000000008005788                _free_r
 .text.memmove  0x0000000008005958       0xc8 /usr/lib/gcc/arm-none-eabi/5.3.0/../../../../arm-none-eabi/lib/armv7e-m/libg.a(lib_a-memmove.o)
                0x0000000008005958                memmove
 .text.memset   0x0000000008005a20       0x9c /usr/lib/gcc/arm-none-eabi/5.3.0/../../../../arm-none-eabi/lib/armv7e-m/libg.a(lib_a-memset.o)
                0x0000000008005a20                memset
 .text._realloc_r
                0x0000000008005abc      0x3e0 /usr/lib/gcc/arm-none-eabi/5.3.0/../../../../arm-none-eabi/lib/armv7e-m/libg.a(lib_a-reallocr.o)
                0x0000000008005abc                _realloc_r
 .text.cleanup_glue
                0x0000000008005e9c       0x1c /usr/lib/gcc/arm-none-eabi/5.3.0/../../../../arm-none-eabi/lib/armv7e-m/libg.a(lib_a-reent.o)
                0x0000000008005e9c                cleanup_glue
 .text._reclaim_reent
                0x0000000008005eb8       0x88 /usr/lib/gcc/arm-none-eabi/5.3.0/../../../../arm-none-eabi/lib/armv7e-m/libg.a(lib_a-reent.o)
                0x0000000008005eb8                _reclaim_reent
 .text.__udivmoddi4
                0x0000000008005f40      0x2cc /usr/lib/gcc/arm-none-eabi/5.3.0/armv7e-m/libgcc.a(_udivmoddi4.o)
                0x0000000008005f40                __udivmoddi4
 *(.rodata)
 .rodata        0x000000000800620c       0x17 obj/main.o
 *(.rodata*)
 *fill*         0x0000000008006223        0x1 
 .rodata.str1.4
                0x0000000008006224        0x2 /usr/lib/gcc/arm-none-eabi/5.3.0/../../../../arm-none-eabi/lib/armv7e-m/libg.a(lib_a-impure.o)
 *fill*         0x0000000008006226        0x2 
 .rodata._global_impure_ptr
                0x0000000008006228        0x4 /usr/lib/gcc/arm-none-eabi/5.3.0/../../../../arm-none-eabi/lib/armv7e-m/libg.a(lib_a-impure.o)
                0x0000000008006228                _global_impure_ptr
 .rodata.zeroes.6981
                0x000000000800622c       0x10 /usr/lib/gcc/arm-none-eabi/5.3.0/../../../../arm-none-eabi/lib/armv7e-m/libg.a(lib_a-svfprintf.o)
 .rodata.blanks.6980
                0x000000000800623c       0x10 /usr/lib/gcc/arm-none-eabi/5.3.0/../../../../arm-none-eabi/lib/armv7e-m/libg.a(lib_a-svfprintf.o)
 .rodata.str1.4
                0x000000000800624c       0x42 /usr/lib/gcc/arm-none-eabi/5.3.0/../../../../arm-none-eabi/lib/armv7e-m/libg.a(lib_a-svfprintf.o)
 *fill*         0x000000000800628e        0x2 
 .rodata.str1.4
                0x0000000008006290       0x10 /usr/lib/gcc/arm-none-eabi/5.3.0/../../../../arm-none-eabi/lib/armv7e-m/libg.a(lib_a-dtoa.o)
                                         0x12 (size before relaxing)
 .rodata.str1.4
                0x00000000080062a0        0xc /usr/lib/gcc/arm-none-eabi/5.3.0/../../../../arm-none-eabi/lib/armv7e-m/libg.a(lib_a-locale.o)
                                         0x12 (size before relaxing)
 *fill*         0x00000000080062ac        0x4 
 .rodata.__mprec_tens
                0x00000000080062b0       0xc8 /usr/lib/gcc/arm-none-eabi/5.3.0/../../../../arm-none-eabi/lib/armv7e-m/libg.a(lib_a-mprec.o)
                0x00000000080062b0                __mprec_tens
 .rodata.__mprec_bigtens
                0x0000000008006378       0x28 /usr/lib/gcc/arm-none-eabi/5.3.0/../../../../arm-none-eabi/lib/armv7e-m/libg.a(lib_a-mprec.o)
                0x0000000008006378                __mprec_bigtens
 .rodata.p05.5375
                0x00000000080063a0        0xc /usr/lib/gcc/arm-none-eabi/5.3.0/../../../../arm-none-eabi/lib/armv7e-m/libg.a(lib_a-mprec.o)
 *fill*         0x00000000080063ac        0x4 
 .rodata.__mprec_tinytens
                0x00000000080063b0       0x28 /usr/lib/gcc/arm-none-eabi/5.3.0/../../../../arm-none-eabi/lib/armv7e-m/libg.a(lib_a-mprec.o)
                0x00000000080063b0                __mprec_tinytens
 .rodata.zeroes.6925
                0x00000000080063d8       0x10 /usr/lib/gcc/arm-none-eabi/5.3.0/../../../../arm-none-eabi/lib/armv7e-m/libg.a(lib_a-svfiprintf.o)
 .rodata.str1.4
                0x00000000080063e8       0x2f /usr/lib/gcc/arm-none-eabi/5.3.0/../../../../arm-none-eabi/lib/armv7e-m/libg.a(lib_a-svfiprintf.o)
 .rodata.blanks.6924
                0x00000000080063e8       0x10 /usr/lib/gcc/arm-none-eabi/5.3.0/../../../../arm-none-eabi/lib/armv7e-m/libg.a(lib_a-svfiprintf.o)
                0x0000000008006400                _sidata = LOADADDR (.data)

.ARM.extab.text.__udivmoddi4
                0x00000000080063f8        0x0
 .ARM.extab.text.__udivmoddi4
                0x00000000080063f8        0x0 /usr/lib/gcc/arm-none-eabi/5.3.0/armv7e-m/libgcc.a(_udivmoddi4.o)

.ARM.exidx.text.__udivmoddi4
                0x00000000080063f8        0x8
 .ARM.exidx.text.__udivmoddi4
                0x00000000080063f8        0x8 /usr/lib/gcc/arm-none-eabi/5.3.0/armv7e-m/libgcc.a(_udivmoddi4.o)

.glue_7         0x0000000008006400        0x0
 .glue_7        0x0000000008006400        0x0 linker stubs

.glue_7t        0x0000000008006400        0x0
 .glue_7t       0x0000000008006400        0x0 linker stubs

.vfp11_veneer   0x0000000008006400        0x0
 .vfp11_veneer  0x0000000008006400        0x0 linker stubs

.v4_bx          0x0000000008006400        0x0
 .v4_bx         0x0000000008006400        0x0 linker stubs

.iplt           0x0000000008006400        0x0
 .iplt          0x0000000008006400        0x0 obj/low_level_init.o

.rel.dyn        0x0000000008006400        0x0
 .rel.iplt      0x0000000008006400        0x0 obj/low_level_init.o

.data           0x0000000020000000      0x8d0 load address 0x0000000008006400
                0x0000000020000000                . = ALIGN (0x4)
                0x0000000020000000                _sdata = .
 *(.data)
 .data          0x0000000020000000       0x14 obj/low_level_init.o
                0x0000000020000000                SystemCoreClock
                0x0000000020000004                AHBPrescTable
 .data          0x0000000020000014        0x0 obj/exceptions.o
 .data          0x0000000020000014        0x0 obj/main.o
 .data          0x0000000020000014        0x0 obj/sbrk.o
 .data          0x0000000020000014        0x0 obj/startup.o
 .data          0x0000000020000014        0x0 /usr/lib/gcc/arm-none-eabi/5.3.0/../../../../arm-none-eabi/lib/armv7e-m/libg.a(lib_a-errno.o)
 .data          0x0000000020000014        0x0 /usr/lib/gcc/arm-none-eabi/5.3.0/../../../../arm-none-eabi/lib/armv7e-m/libg.a(lib_a-impure.o)
 .data          0x0000000020000014        0x0 /usr/lib/gcc/arm-none-eabi/5.3.0/../../../../arm-none-eabi/lib/armv7e-m/libg.a(lib_a-sprintf.o)
 .data          0x0000000020000014        0x0 /usr/lib/gcc/arm-none-eabi/5.3.0/../../../../arm-none-eabi/lib/armv7e-m/libg.a(lib_a-svfprintf.o)
 .data          0x0000000020000014        0x0 /usr/lib/gcc/arm-none-eabi/5.3.0/../../../../arm-none-eabi/lib/armv7e-m/libg.a(lib_a-dtoa.o)
 .data          0x0000000020000014        0x0 /usr/lib/gcc/arm-none-eabi/5.3.0/../../../../arm-none-eabi/lib/armv7e-m/libg.a(lib_a-locale.o)
 .data          0x0000000020000014        0x0 /usr/lib/gcc/arm-none-eabi/5.3.0/../../../../arm-none-eabi/lib/armv7e-m/libg.a(lib_a-mallocr.o)
 .data          0x0000000020000014        0x0 /usr/lib/gcc/arm-none-eabi/5.3.0/../../../../arm-none-eabi/lib/armv7e-m/libg.a(lib_a-memchr.o)
 .data          0x0000000020000014        0x0 /usr/lib/gcc/arm-none-eabi/5.3.0/../../../../arm-none-eabi/lib/armv7e-m/libg.a(lib_a-memcpy.o)
 .data          0x0000000020000014        0x0 /usr/lib/gcc/arm-none-eabi/5.3.0/../../../../arm-none-eabi/lib/armv7e-m/libg.a(lib_a-mlock.o)
 .data          0x0000000020000014        0x0 /usr/lib/gcc/arm-none-eabi/5.3.0/../../../../arm-none-eabi/lib/armv7e-m/libg.a(lib_a-mprec.o)
 .data          0x0000000020000014        0x0 /usr/lib/gcc/arm-none-eabi/5.3.0/../../../../arm-none-eabi/lib/armv7e-m/libg.a(lib_a-s_fpclassify.o)
 .data          0x0000000020000014        0x0 /usr/lib/gcc/arm-none-eabi/5.3.0/../../../../arm-none-eabi/lib/armv7e-m/libg.a(lib_a-sbrkr.o)
 .data          0x0000000020000014        0x0 /usr/lib/gcc/arm-none-eabi/5.3.0/../../../../arm-none-eabi/lib/armv7e-m/libg.a(lib_a-strcmp.o)
 .data          0x0000000020000014        0x0 /usr/lib/gcc/arm-none-eabi/5.3.0/../../../../arm-none-eabi/lib/armv7e-m/libg.a(lib_a-strlen.o)
 .data          0x0000000020000014        0x0 /usr/lib/gcc/arm-none-eabi/5.3.0/../../../../arm-none-eabi/lib/armv7e-m/libg.a(lib_a-svfiprintf.o)
 .data          0x0000000020000014        0x0 /usr/lib/gcc/arm-none-eabi/5.3.0/../../../../arm-none-eabi/lib/armv7e-m/libg.a(lib_a-callocr.o)
 .data          0x0000000020000014        0x0 /usr/lib/gcc/arm-none-eabi/5.3.0/../../../../arm-none-eabi/lib/armv7e-m/libg.a(lib_a-freer.o)
 .data          0x0000000020000014        0x0 /usr/lib/gcc/arm-none-eabi/5.3.0/../../../../arm-none-eabi/lib/armv7e-m/libg.a(lib_a-memmove.o)
 .data          0x0000000020000014        0x0 /usr/lib/gcc/arm-none-eabi/5.3.0/../../../../arm-none-eabi/lib/armv7e-m/libg.a(lib_a-memset.o)
 .data          0x0000000020000014        0x0 /usr/lib/gcc/arm-none-eabi/5.3.0/../../../../arm-none-eabi/lib/armv7e-m/libg.a(lib_a-reallocr.o)
 .data          0x0000000020000014        0x0 /usr/lib/gcc/arm-none-eabi/5.3.0/../../../../arm-none-eabi/lib/armv7e-m/libg.a(lib_a-reent.o)
 .data          0x0000000020000014        0x0 /usr/lib/gcc/arm-none-eabi/5.3.0/armv7e-m/libgcc.a(_arm_addsubdf3.o)
 .data          0x0000000020000014        0x0 /usr/lib/gcc/arm-none-eabi/5.3.0/armv7e-m/libgcc.a(_arm_muldivdf3.o)
 .data          0x0000000020000014        0x0 /usr/lib/gcc/arm-none-eabi/5.3.0/armv7e-m/libgcc.a(_arm_cmpdf2.o)
 .data          0x0000000020000014        0x0 /usr/lib/gcc/arm-none-eabi/5.3.0/armv7e-m/libgcc.a(_arm_fixdfsi.o)
 .data          0x0000000020000014        0x0 /usr/lib/gcc/arm-none-eabi/5.3.0/armv7e-m/libgcc.a(_aeabi_uldivmod.o)
 .data          0x0000000020000014        0x0 /usr/lib/gcc/arm-none-eabi/5.3.0/armv7e-m/libgcc.a(_udivmoddi4.o)
 .data          0x0000000020000014        0x0 /usr/lib/gcc/arm-none-eabi/5.3.0/armv7e-m/libgcc.a(_dvmd_tls.o)
 *(.data*)
 *fill*         0x0000000020000014        0x4 
 .data.impure_data
                0x0000000020000018      0x428 /usr/lib/gcc/arm-none-eabi/5.3.0/../../../../arm-none-eabi/lib/armv7e-m/libg.a(lib_a-impure.o)
 .data._impure_ptr
                0x0000000020000440        0x4 /usr/lib/gcc/arm-none-eabi/5.3.0/../../../../arm-none-eabi/lib/armv7e-m/libg.a(lib_a-impure.o)
                0x0000000020000440                _impure_ptr
 .data.lc_message_charset
                0x0000000020000444       0x20 /usr/lib/gcc/arm-none-eabi/5.3.0/../../../../arm-none-eabi/lib/armv7e-m/libg.a(lib_a-locale.o)
 .data.lconv    0x0000000020000464       0x38 /usr/lib/gcc/arm-none-eabi/5.3.0/../../../../arm-none-eabi/lib/armv7e-m/libg.a(lib_a-locale.o)
 .data.lc_ctype_charset
                0x000000002000049c       0x20 /usr/lib/gcc/arm-none-eabi/5.3.0/../../../../arm-none-eabi/lib/armv7e-m/libg.a(lib_a-locale.o)
 .data.__mb_cur_max
                0x00000000200004bc        0x4 /usr/lib/gcc/arm-none-eabi/5.3.0/../../../../arm-none-eabi/lib/armv7e-m/libg.a(lib_a-locale.o)
                0x00000000200004bc                __mb_cur_max
 .data.__malloc_av_
                0x00000000200004c0      0x408 /usr/lib/gcc/arm-none-eabi/5.3.0/../../../../arm-none-eabi/lib/armv7e-m/libg.a(lib_a-mallocr.o)
                0x00000000200004c0                __malloc_av_
 .data.__malloc_trim_threshold
                0x00000000200008c8        0x4 /usr/lib/gcc/arm-none-eabi/5.3.0/../../../../arm-none-eabi/lib/armv7e-m/libg.a(lib_a-mallocr.o)
                0x00000000200008c8                __malloc_trim_threshold
 .data.__malloc_sbrk_base
                0x00000000200008cc        0x4 /usr/lib/gcc/arm-none-eabi/5.3.0/../../../../arm-none-eabi/lib/armv7e-m/libg.a(lib_a-mallocr.o)
                0x00000000200008cc                __malloc_sbrk_base
                0x00000000200008d0                . = ALIGN (0x4)
                0x00000000200008d0                _edata = .

.igot.plt       0x00000000200008d0        0x0 load address 0x0000000008006cd0
 .igot.plt      0x00000000200008d0        0x0 obj/low_level_init.o

.bss            0x00000000200008d0       0xb0 load address 0x0000000008006cd0
                0x00000000200008d0                . = ALIGN (0x4)
                0x00000000200008d0                _sbss = .
                0x00000000200008d0                __bss_start__ = _sbss
 *(.bss)
 .bss           0x00000000200008d0        0x0 obj/low_level_init.o
 .bss           0x00000000200008d0        0x0 obj/exceptions.o
 .bss           0x00000000200008d0        0x0 obj/main.o
 .bss           0x00000000200008d0        0x4 obj/sbrk.o
 .bss           0x00000000200008d4        0x0 obj/startup.o
 .bss           0x00000000200008d4        0x0 /usr/lib/gcc/arm-none-eabi/5.3.0/../../../../arm-none-eabi/lib/armv7e-m/libg.a(lib_a-errno.o)
 .bss           0x00000000200008d4        0x0 /usr/lib/gcc/arm-none-eabi/5.3.0/../../../../arm-none-eabi/lib/armv7e-m/libg.a(lib_a-impure.o)
 .bss           0x00000000200008d4        0x0 /usr/lib/gcc/arm-none-eabi/5.3.0/../../../../arm-none-eabi/lib/armv7e-m/libg.a(lib_a-sprintf.o)
 .bss           0x00000000200008d4        0x0 /usr/lib/gcc/arm-none-eabi/5.3.0/../../../../arm-none-eabi/lib/armv7e-m/libg.a(lib_a-svfprintf.o)
 .bss           0x00000000200008d4        0x0 /usr/lib/gcc/arm-none-eabi/5.3.0/../../../../arm-none-eabi/lib/armv7e-m/libg.a(lib_a-dtoa.o)
 .bss           0x00000000200008d4        0x0 /usr/lib/gcc/arm-none-eabi/5.3.0/../../../../arm-none-eabi/lib/armv7e-m/libg.a(lib_a-locale.o)
 .bss           0x00000000200008d4        0x0 /usr/lib/gcc/arm-none-eabi/5.3.0/../../../../arm-none-eabi/lib/armv7e-m/libg.a(lib_a-mallocr.o)
 .bss           0x00000000200008d4        0x0 /usr/lib/gcc/arm-none-eabi/5.3.0/../../../../arm-none-eabi/lib/armv7e-m/libg.a(lib_a-memchr.o)
 .bss           0x00000000200008d4        0x0 /usr/lib/gcc/arm-none-eabi/5.3.0/../../../../arm-none-eabi/lib/armv7e-m/libg.a(lib_a-memcpy.o)
 .bss           0x00000000200008d4        0x0 /usr/lib/gcc/arm-none-eabi/5.3.0/../../../../arm-none-eabi/lib/armv7e-m/libg.a(lib_a-mlock.o)
 .bss           0x00000000200008d4        0x0 /usr/lib/gcc/arm-none-eabi/5.3.0/../../../../arm-none-eabi/lib/armv7e-m/libg.a(lib_a-mprec.o)
 .bss           0x00000000200008d4        0x0 /usr/lib/gcc/arm-none-eabi/5.3.0/../../../../arm-none-eabi/lib/armv7e-m/libg.a(lib_a-s_fpclassify.o)
 .bss           0x00000000200008d4        0x0 /usr/lib/gcc/arm-none-eabi/5.3.0/../../../../arm-none-eabi/lib/armv7e-m/libg.a(lib_a-sbrkr.o)
 .bss           0x00000000200008d4        0x0 /usr/lib/gcc/arm-none-eabi/5.3.0/../../../../arm-none-eabi/lib/armv7e-m/libg.a(lib_a-strcmp.o)
 .bss           0x00000000200008d4        0x0 /usr/lib/gcc/arm-none-eabi/5.3.0/../../../../arm-none-eabi/lib/armv7e-m/libg.a(lib_a-strlen.o)
 .bss           0x00000000200008d4        0x0 /usr/lib/gcc/arm-none-eabi/5.3.0/../../../../arm-none-eabi/lib/armv7e-m/libg.a(lib_a-svfiprintf.o)
 .bss           0x00000000200008d4        0x0 /usr/lib/gcc/arm-none-eabi/5.3.0/../../../../arm-none-eabi/lib/armv7e-m/libg.a(lib_a-callocr.o)
 .bss           0x00000000200008d4        0x0 /usr/lib/gcc/arm-none-eabi/5.3.0/../../../../arm-none-eabi/lib/armv7e-m/libg.a(lib_a-freer.o)
 .bss           0x00000000200008d4        0x0 /usr/lib/gcc/arm-none-eabi/5.3.0/../../../../arm-none-eabi/lib/armv7e-m/libg.a(lib_a-memmove.o)
 .bss           0x00000000200008d4        0x0 /usr/lib/gcc/arm-none-eabi/5.3.0/../../../../arm-none-eabi/lib/armv7e-m/libg.a(lib_a-memset.o)
 .bss           0x00000000200008d4        0x0 /usr/lib/gcc/arm-none-eabi/5.3.0/../../../../arm-none-eabi/lib/armv7e-m/libg.a(lib_a-reallocr.o)
 .bss           0x00000000200008d4        0x0 /usr/lib/gcc/arm-none-eabi/5.3.0/../../../../arm-none-eabi/lib/armv7e-m/libg.a(lib_a-reent.o)
 .bss           0x00000000200008d4        0x0 /usr/lib/gcc/arm-none-eabi/5.3.0/armv7e-m/libgcc.a(_arm_addsubdf3.o)
 .bss           0x00000000200008d4        0x0 /usr/lib/gcc/arm-none-eabi/5.3.0/armv7e-m/libgcc.a(_arm_muldivdf3.o)
 .bss           0x00000000200008d4        0x0 /usr/lib/gcc/arm-none-eabi/5.3.0/armv7e-m/libgcc.a(_arm_cmpdf2.o)
 .bss           0x00000000200008d4        0x0 /usr/lib/gcc/arm-none-eabi/5.3.0/armv7e-m/libgcc.a(_arm_fixdfsi.o)
 .bss           0x00000000200008d4        0x0 /usr/lib/gcc/arm-none-eabi/5.3.0/armv7e-m/libgcc.a(_aeabi_uldivmod.o)
 .bss           0x00000000200008d4        0x0 /usr/lib/gcc/arm-none-eabi/5.3.0/armv7e-m/libgcc.a(_udivmoddi4.o)
 .bss           0x00000000200008d4        0x0 /usr/lib/gcc/arm-none-eabi/5.3.0/armv7e-m/libgcc.a(_dvmd_tls.o)
 *(.bss*)
 .bss._PathLocale
                0x00000000200008d4        0x4 /usr/lib/gcc/arm-none-eabi/5.3.0/../../../../arm-none-eabi/lib/armv7e-m/libg.a(lib_a-locale.o)
                0x00000000200008d4                _PathLocale
 .bss.__nlocale_changed
                0x00000000200008d8        0x4 /usr/lib/gcc/arm-none-eabi/5.3.0/../../../../arm-none-eabi/lib/armv7e-m/libg.a(lib_a-locale.o)
                0x00000000200008d8                __nlocale_changed
 .bss.__mlocale_changed
                0x00000000200008dc        0x4 /usr/lib/gcc/arm-none-eabi/5.3.0/../../../../arm-none-eabi/lib/armv7e-m/libg.a(lib_a-locale.o)
                0x00000000200008dc                __mlocale_changed
 .bss.__malloc_max_total_mem
                0x00000000200008e0        0x4 /usr/lib/gcc/arm-none-eabi/5.3.0/../../../../arm-none-eabi/lib/armv7e-m/libg.a(lib_a-mallocr.o)
                0x00000000200008e0                __malloc_max_total_mem
 .bss.__malloc_max_sbrked_mem
                0x00000000200008e4        0x4 /usr/lib/gcc/arm-none-eabi/5.3.0/../../../../arm-none-eabi/lib/armv7e-m/libg.a(lib_a-mallocr.o)
                0x00000000200008e4                __malloc_max_sbrked_mem
 .bss.__malloc_top_pad
                0x00000000200008e8        0x4 /usr/lib/gcc/arm-none-eabi/5.3.0/../../../../arm-none-eabi/lib/armv7e-m/libg.a(lib_a-mallocr.o)
                0x00000000200008e8                __malloc_top_pad
 .bss.__malloc_current_mallinfo
                0x00000000200008ec       0x28 /usr/lib/gcc/arm-none-eabi/5.3.0/../../../../arm-none-eabi/lib/armv7e-m/libg.a(lib_a-mallocr.o)
                0x00000000200008ec                __malloc_current_mallinfo
 *(COMMON)
 COMMON         0x0000000020000914        0x4 obj/exceptions.o
                0x0000000020000914                __stm32_tick
 COMMON         0x0000000020000918       0x64 obj/main.o
                0x0000000020000918                test
 COMMON         0x000000002000097c        0x4 /usr/lib/gcc/arm-none-eabi/5.3.0/../../../../arm-none-eabi/lib/armv7e-m/libg.a(lib_a-reent.o)
                0x000000002000097c                errno
                0x0000000020000980                . = ALIGN (0x4)
                0x0000000020000980                _ebss = .
                0x0000000020000980                __bss_end__ = _ebss
                0x0000000020000980                _end = .
                [!provide]                        PROVIDE (end, .)
OUTPUT(out/main.elf elf32-littlearm)

.debug_info     0x0000000000000000      0x8df
 .debug_info    0x0000000000000000      0x509 obj/low_level_init.o
 .debug_info    0x0000000000000509      0x144 obj/exceptions.o
 .debug_info    0x000000000000064d       0xde obj/main.o
 .debug_info    0x000000000000072b      0x14d obj/sbrk.o
 .debug_info    0x0000000000000878       0x67 obj/startup.o

.debug_abbrev   0x0000000000000000      0x304
 .debug_abbrev  0x0000000000000000      0x111 obj/low_level_init.o
 .debug_abbrev  0x0000000000000111       0x78 obj/exceptions.o
 .debug_abbrev  0x0000000000000189       0x85 obj/main.o
 .debug_abbrev  0x000000000000020e       0xe4 obj/sbrk.o
 .debug_abbrev  0x00000000000002f2       0x12 obj/startup.o

.debug_aranges  0x0000000000000000       0xa8
 .debug_aranges
                0x0000000000000000       0x20 obj/low_level_init.o
 .debug_aranges
                0x0000000000000020       0x20 obj/exceptions.o
 .debug_aranges
                0x0000000000000040       0x20 obj/main.o
 .debug_aranges
                0x0000000000000060       0x20 obj/sbrk.o
 .debug_aranges
                0x0000000000000080       0x28 obj/startup.o

.debug_line     0x0000000000000000      0x32a
 .debug_line    0x0000000000000000       0xe2 obj/low_level_init.o
 .debug_line    0x00000000000000e2       0xbd obj/exceptions.o
 .debug_line    0x000000000000019f       0x7d obj/main.o
 .debug_line    0x000000000000021c       0x9d obj/sbrk.o
 .debug_line    0x00000000000002b9       0x71 obj/startup.o

.debug_str      0x0000000000000000      0x422
 .debug_str     0x0000000000000000      0x2f5 obj/low_level_init.o
                                        0x34c (size before relaxing)
 .debug_str     0x00000000000002f5       0xae obj/exceptions.o
                                        0x1ff (size before relaxing)
 .debug_str     0x00000000000003a3       0x36 obj/main.o
                                        0x16e (size before relaxing)
 .debug_str     0x00000000000003d9       0x49 obj/sbrk.o
                                        0x1a3 (size before relaxing)

.comment        0x0000000000000000       0x1d
 .comment       0x0000000000000000       0x1d obj/low_level_init.o
                                         0x1e (size before relaxing)
 .comment       0x000000000000001d       0x1e obj/exceptions.o
 .comment       0x000000000000001d       0x1e obj/main.o
 .comment       0x000000000000001d       0x1e obj/sbrk.o

.ARM.attributes
                0x0000000000000000       0x31
 .ARM.attributes
                0x0000000000000000       0x33 obj/low_level_init.o
 .ARM.attributes
                0x0000000000000033       0x33 obj/exceptions.o
 .ARM.attributes
                0x0000000000000066       0x33 obj/main.o
 .ARM.attributes
                0x0000000000000099       0x33 obj/sbrk.o
 .ARM.attributes
                0x00000000000000cc       0x21 obj/startup.o
 .ARM.attributes
                0x00000000000000ed       0x2e /usr/lib/gcc/arm-none-eabi/5.3.0/../../../../arm-none-eabi/lib/armv7e-m/libg.a(lib_a-errno.o)
 .ARM.attributes
                0x000000000000011b       0x2e /usr/lib/gcc/arm-none-eabi/5.3.0/../../../../arm-none-eabi/lib/armv7e-m/libg.a(lib_a-impure.o)
 .ARM.attributes
                0x0000000000000149       0x2e /usr/lib/gcc/arm-none-eabi/5.3.0/../../../../arm-none-eabi/lib/armv7e-m/libg.a(lib_a-sprintf.o)
 .ARM.attributes
                0x0000000000000177       0x2e /usr/lib/gcc/arm-none-eabi/5.3.0/../../../../arm-none-eabi/lib/armv7e-m/libg.a(lib_a-svfprintf.o)
 .ARM.attributes
                0x00000000000001a5       0x2e /usr/lib/gcc/arm-none-eabi/5.3.0/../../../../arm-none-eabi/lib/armv7e-m/libg.a(lib_a-dtoa.o)
 .ARM.attributes
                0x00000000000001d3       0x2e /usr/lib/gcc/arm-none-eabi/5.3.0/../../../../arm-none-eabi/lib/armv7e-m/libg.a(lib_a-locale.o)
 .ARM.attributes
                0x0000000000000201       0x2e /usr/lib/gcc/arm-none-eabi/5.3.0/../../../../arm-none-eabi/lib/armv7e-m/libg.a(lib_a-mallocr.o)
 .ARM.attributes
                0x000000000000022f       0x1c /usr/lib/gcc/arm-none-eabi/5.3.0/../../../../arm-none-eabi/lib/armv7e-m/libg.a(lib_a-memchr.o)
 .ARM.attributes
                0x000000000000024b       0x1c /usr/lib/gcc/arm-none-eabi/5.3.0/../../../../arm-none-eabi/lib/armv7e-m/libg.a(lib_a-memcpy.o)
 .ARM.attributes
                0x0000000000000267       0x2e /usr/lib/gcc/arm-none-eabi/5.3.0/../../../../arm-none-eabi/lib/armv7e-m/libg.a(lib_a-mlock.o)
 .ARM.attributes
                0x0000000000000295       0x2e /usr/lib/gcc/arm-none-eabi/5.3.0/../../../../arm-none-eabi/lib/armv7e-m/libg.a(lib_a-mprec.o)
 .ARM.attributes
                0x00000000000002c3       0x2e /usr/lib/gcc/arm-none-eabi/5.3.0/../../../../arm-none-eabi/lib/armv7e-m/libg.a(lib_a-s_fpclassify.o)
 .ARM.attributes
                0x00000000000002f1       0x2e /usr/lib/gcc/arm-none-eabi/5.3.0/../../../../arm-none-eabi/lib/armv7e-m/libg.a(lib_a-sbrkr.o)
 .ARM.attributes
                0x000000000000031f       0x1c /usr/lib/gcc/arm-none-eabi/5.3.0/../../../../arm-none-eabi/lib/armv7e-m/libg.a(lib_a-strcmp.o)
 .ARM.attributes
                0x000000000000033b       0x1c /usr/lib/gcc/arm-none-eabi/5.3.0/../../../../arm-none-eabi/lib/armv7e-m/libg.a(lib_a-strlen.o)
 .ARM.attributes
                0x0000000000000357       0x2e /usr/lib/gcc/arm-none-eabi/5.3.0/../../../../arm-none-eabi/lib/armv7e-m/libg.a(lib_a-svfiprintf.o)
 .ARM.attributes
                0x0000000000000385       0x2e /usr/lib/gcc/arm-none-eabi/5.3.0/../../../../arm-none-eabi/lib/armv7e-m/libg.a(lib_a-callocr.o)
 .ARM.attributes
                0x00000000000003b3       0x2e /usr/lib/gcc/arm-none-eabi/5.3.0/../../../../arm-none-eabi/lib/armv7e-m/libg.a(lib_a-freer.o)
 .ARM.attributes
                0x00000000000003e1       0x2e /usr/lib/gcc/arm-none-eabi/5.3.0/../../../../arm-none-eabi/lib/armv7e-m/libg.a(lib_a-memmove.o)
 .ARM.attributes
                0x000000000000040f       0x2e /usr/lib/gcc/arm-none-eabi/5.3.0/../../../../arm-none-eabi/lib/armv7e-m/libg.a(lib_a-memset.o)
 .ARM.attributes
                0x000000000000043d       0x2e /usr/lib/gcc/arm-none-eabi/5.3.0/../../../../arm-none-eabi/lib/armv7e-m/libg.a(lib_a-reallocr.o)
 .ARM.attributes
                0x000000000000046b       0x2e /usr/lib/gcc/arm-none-eabi/5.3.0/../../../../arm-none-eabi/lib/armv7e-m/libg.a(lib_a-reent.o)
 .ARM.attributes
                0x0000000000000499       0x1e /usr/lib/gcc/arm-none-eabi/5.3.0/armv7e-m/libgcc.a(_arm_addsubdf3.o)
 .ARM.attributes
                0x00000000000004b7       0x1e /usr/lib/gcc/arm-none-eabi/5.3.0/armv7e-m/libgcc.a(_arm_muldivdf3.o)
 .ARM.attributes
                0x00000000000004d5       0x1e /usr/lib/gcc/arm-none-eabi/5.3.0/armv7e-m/libgcc.a(_arm_cmpdf2.o)
 .ARM.attributes
                0x00000000000004f3       0x1e /usr/lib/gcc/arm-none-eabi/5.3.0/armv7e-m/libgcc.a(_arm_fixdfsi.o)
 .ARM.attributes
                0x0000000000000511       0x1e /usr/lib/gcc/arm-none-eabi/5.3.0/armv7e-m/libgcc.a(_aeabi_uldivmod.o)
 .ARM.attributes
                0x000000000000052f       0x2e /usr/lib/gcc/arm-none-eabi/5.3.0/armv7e-m/libgcc.a(_udivmoddi4.o)
 .ARM.attributes
                0x000000000000055d       0x1e /usr/lib/gcc/arm-none-eabi/5.3.0/armv7e-m/libgcc.a(_dvmd_tls.o)

.debug_frame    0x0000000000000000      0xa1c
 .debug_frame   0x0000000000000000       0x54 obj/low_level_init.o
 .debug_frame   0x0000000000000054      0x110 obj/exceptions.o
 .debug_frame   0x0000000000000164       0x30 obj/main.o
 .debug_frame   0x0000000000000194       0x38 obj/sbrk.o
 .debug_frame   0x00000000000001cc       0x20 /usr/lib/gcc/arm-none-eabi/5.3.0/../../../../arm-none-eabi/lib/armv7e-m/libg.a(lib_a-errno.o)
 .debug_frame   0x00000000000001ec       0x84 /usr/lib/gcc/arm-none-eabi/5.3.0/../../../../arm-none-eabi/lib/armv7e-m/libg.a(lib_a-sprintf.o)
 .debug_frame   0x0000000000000270       0x40 /usr/lib/gcc/arm-none-eabi/5.3.0/../../../../arm-none-eabi/lib/armv7e-m/libg.a(lib_a-svfprintf.o)
 .debug_frame   0x00000000000002b0       0x88 /usr/lib/gcc/arm-none-eabi/5.3.0/../../../../arm-none-eabi/lib/armv7e-m/libg.a(lib_a-dtoa.o)
 .debug_frame   0x0000000000000338       0x9c /usr/lib/gcc/arm-none-eabi/5.3.0/../../../../arm-none-eabi/lib/armv7e-m/libg.a(lib_a-locale.o)
 .debug_frame   0x00000000000003d4       0x58 /usr/lib/gcc/arm-none-eabi/5.3.0/../../../../arm-none-eabi/lib/armv7e-m/libg.a(lib_a-mallocr.o)
 .debug_frame   0x000000000000042c       0x30 /usr/lib/gcc/arm-none-eabi/5.3.0/../../../../arm-none-eabi/lib/armv7e-m/libg.a(lib_a-mlock.o)
 .debug_frame   0x000000000000045c      0x264 /usr/lib/gcc/arm-none-eabi/5.3.0/../../../../arm-none-eabi/lib/armv7e-m/libg.a(lib_a-mprec.o)
 .debug_frame   0x00000000000006c0       0x34 /usr/lib/gcc/arm-none-eabi/5.3.0/../../../../arm-none-eabi/lib/armv7e-m/libg.a(lib_a-s_fpclassify.o)
 .debug_frame   0x00000000000006f4       0x2c /usr/lib/gcc/arm-none-eabi/5.3.0/../../../../arm-none-eabi/lib/armv7e-m/libg.a(lib_a-sbrkr.o)
 .debug_frame   0x0000000000000720       0x68 /usr/lib/gcc/arm-none-eabi/5.3.0/../../../../arm-none-eabi/lib/armv7e-m/libg.a(lib_a-strcmp.o)
 .debug_frame   0x0000000000000788       0x78 /usr/lib/gcc/arm-none-eabi/5.3.0/../../../../arm-none-eabi/lib/armv7e-m/libg.a(lib_a-svfiprintf.o)
 .debug_frame   0x0000000000000800       0x28 /usr/lib/gcc/arm-none-eabi/5.3.0/../../../../arm-none-eabi/lib/armv7e-m/libg.a(lib_a-callocr.o)
 .debug_frame   0x0000000000000828       0x74 /usr/lib/gcc/arm-none-eabi/5.3.0/../../../../arm-none-eabi/lib/armv7e-m/libg.a(lib_a-freer.o)
 .debug_frame   0x000000000000089c       0x30 /usr/lib/gcc/arm-none-eabi/5.3.0/../../../../arm-none-eabi/lib/armv7e-m/libg.a(lib_a-memmove.o)
 .debug_frame   0x00000000000008cc       0x34 /usr/lib/gcc/arm-none-eabi/5.3.0/../../../../arm-none-eabi/lib/armv7e-m/libg.a(lib_a-memset.o)
 .debug_frame   0x0000000000000900       0x60 /usr/lib/gcc/arm-none-eabi/5.3.0/../../../../arm-none-eabi/lib/armv7e-m/libg.a(lib_a-reallocr.o)
 .debug_frame   0x0000000000000960       0x58 /usr/lib/gcc/arm-none-eabi/5.3.0/../../../../arm-none-eabi/lib/armv7e-m/libg.a(lib_a-reent.o)
 .debug_frame   0x00000000000009b8       0x2c /usr/lib/gcc/arm-none-eabi/5.3.0/armv7e-m/libgcc.a(_aeabi_uldivmod.o)
 .debug_frame   0x00000000000009e4       0x38 /usr/lib/gcc/arm-none-eabi/5.3.0/armv7e-m/libgcc.a(_udivmoddi4.o)

.debug_ranges   0x0000000000000000       0x20
 .debug_ranges  0x0000000000000000       0x20 obj/startup.o
